../Core/Src/main.c:107:5:main	8	static
../Core/Src/main.c:186:6:SystemClock_Config	88	static
../Core/Src/main.c:233:13:MX_ADC1_Init	24	static
../Core/Src/main.c:285:13:MX_I2C1_Init	8	static
../Core/Src/main.c:319:13:MX_QUADSPI_Init	8	static
../Core/Src/main.c:354:13:MX_SPI1_Init	8	static
../Core/Src/main.c:392:13:MX_UART5_Init	8	static
../Core/Src/main.c:425:13:MX_GPIO_Init	48	static
../Core/Src/main.c:493:6:StartDefaultTask	16	static
../Core/Src/main.c:511:6:StartBuzzer	16	static
../Core/Src/main.c:534:6:StartLogging	72	static
../Core/Src/main.c:556:6:HAL_TIM_PeriodElapsedCallback	16	static
../Core/Src/main.c:573:6:Error_Handler	4	static,ignoring_inline_asm
