Archive member included to satisfy reference by file (symbol)

c:/st/stm32cubeide_1.12.1/stm32cubeide/plugins/com.st.stm32cube.ide.mcu.externaltools.gnu-tools-for-stm32.10.3-2021.10.win32_1.0.200.202301161003/tools/bin/../lib/gcc/arm-none-eabi/10.3.1/../../../../arm-none-eabi/lib/thumb/v7e-m+fp/hard\libc_nano.a(lib_a-errno.o)
                              ./Core/Src/syscalls.o (__errno)
c:/st/stm32cubeide_1.12.1/stm32cubeide/plugins/com.st.stm32cube.ide.mcu.externaltools.gnu-tools-for-stm32.10.3-2021.10.win32_1.0.200.202301161003/tools/bin/../lib/gcc/arm-none-eabi/10.3.1/../../../../arm-none-eabi/lib/thumb/v7e-m+fp/hard\libc_nano.a(lib_a-exit.o)
                              c:/st/stm32cubeide_1.12.1/stm32cubeide/plugins/com.st.stm32cube.ide.mcu.externaltools.gnu-tools-for-stm32.10.3-2021.10.win32_1.0.200.202301161003/tools/bin/../lib/gcc/arm-none-eabi/10.3.1/../../../../arm-none-eabi/lib/thumb/v7e-m+fp/hard/crt0.o (exit)
c:/st/stm32cubeide_1.12.1/stm32cubeide/plugins/com.st.stm32cube.ide.mcu.externaltools.gnu-tools-for-stm32.10.3-2021.10.win32_1.0.200.202301161003/tools/bin/../lib/gcc/arm-none-eabi/10.3.1/../../../../arm-none-eabi/lib/thumb/v7e-m+fp/hard\libc_nano.a(lib_a-impure.o)
                              c:/st/stm32cubeide_1.12.1/stm32cubeide/plugins/com.st.stm32cube.ide.mcu.externaltools.gnu-tools-for-stm32.10.3-2021.10.win32_1.0.200.202301161003/tools/bin/../lib/gcc/arm-none-eabi/10.3.1/../../../../arm-none-eabi/lib/thumb/v7e-m+fp/hard\libc_nano.a(lib_a-exit.o) (_global_impure_ptr)
c:/st/stm32cubeide_1.12.1/stm32cubeide/plugins/com.st.stm32cube.ide.mcu.externaltools.gnu-tools-for-stm32.10.3-2021.10.win32_1.0.200.202301161003/tools/bin/../lib/gcc/arm-none-eabi/10.3.1/../../../../arm-none-eabi/lib/thumb/v7e-m+fp/hard\libc_nano.a(lib_a-init.o)
                              c:/st/stm32cubeide_1.12.1/stm32cubeide/plugins/com.st.stm32cube.ide.mcu.externaltools.gnu-tools-for-stm32.10.3-2021.10.win32_1.0.200.202301161003/tools/bin/../lib/gcc/arm-none-eabi/10.3.1/../../../../arm-none-eabi/lib/thumb/v7e-m+fp/hard/crt0.o (__libc_init_array)
c:/st/stm32cubeide_1.12.1/stm32cubeide/plugins/com.st.stm32cube.ide.mcu.externaltools.gnu-tools-for-stm32.10.3-2021.10.win32_1.0.200.202301161003/tools/bin/../lib/gcc/arm-none-eabi/10.3.1/../../../../arm-none-eabi/lib/thumb/v7e-m+fp/hard\libc_nano.a(lib_a-memset.o)
                              c:/st/stm32cubeide_1.12.1/stm32cubeide/plugins/com.st.stm32cube.ide.mcu.externaltools.gnu-tools-for-stm32.10.3-2021.10.win32_1.0.200.202301161003/tools/bin/../lib/gcc/arm-none-eabi/10.3.1/../../../../arm-none-eabi/lib/thumb/v7e-m+fp/hard/crt0.o (memset)
c:/st/stm32cubeide_1.12.1/stm32cubeide/plugins/com.st.stm32cube.ide.mcu.externaltools.gnu-tools-for-stm32.10.3-2021.10.win32_1.0.200.202301161003/tools/bin/../lib/gcc/arm-none-eabi/10.3.1/thumb/v7e-m+fp/hard\libgcc.a(_aeabi_uldivmod.o)
                              ./Drivers/STM32F4xx_HAL_Driver/Src/stm32f4xx_hal_rcc.o (__aeabi_uldivmod)
c:/st/stm32cubeide_1.12.1/stm32cubeide/plugins/com.st.stm32cube.ide.mcu.externaltools.gnu-tools-for-stm32.10.3-2021.10.win32_1.0.200.202301161003/tools/bin/../lib/gcc/arm-none-eabi/10.3.1/thumb/v7e-m+fp/hard\libgcc.a(_udivmoddi4.o)
                              c:/st/stm32cubeide_1.12.1/stm32cubeide/plugins/com.st.stm32cube.ide.mcu.externaltools.gnu-tools-for-stm32.10.3-2021.10.win32_1.0.200.202301161003/tools/bin/../lib/gcc/arm-none-eabi/10.3.1/thumb/v7e-m+fp/hard\libgcc.a(_aeabi_uldivmod.o) (__udivmoddi4)
c:/st/stm32cubeide_1.12.1/stm32cubeide/plugins/com.st.stm32cube.ide.mcu.externaltools.gnu-tools-for-stm32.10.3-2021.10.win32_1.0.200.202301161003/tools/bin/../lib/gcc/arm-none-eabi/10.3.1/thumb/v7e-m+fp/hard\libgcc.a(_dvmd_tls.o)
                              c:/st/stm32cubeide_1.12.1/stm32cubeide/plugins/com.st.stm32cube.ide.mcu.externaltools.gnu-tools-for-stm32.10.3-2021.10.win32_1.0.200.202301161003/tools/bin/../lib/gcc/arm-none-eabi/10.3.1/thumb/v7e-m+fp/hard\libgcc.a(_aeabi_uldivmod.o) (__aeabi_ldiv0)

Discarded input sections

 .text          0x0000000000000000        0x0 c:/st/stm32cubeide_1.12.1/stm32cubeide/plugins/com.st.stm32cube.ide.mcu.externaltools.gnu-tools-for-stm32.10.3-2021.10.win32_1.0.200.202301161003/tools/bin/../lib/gcc/arm-none-eabi/10.3.1/thumb/v7e-m+fp/hard/crti.o
 .data          0x0000000000000000        0x0 c:/st/stm32cubeide_1.12.1/stm32cubeide/plugins/com.st.stm32cube.ide.mcu.externaltools.gnu-tools-for-stm32.10.3-2021.10.win32_1.0.200.202301161003/tools/bin/../lib/gcc/arm-none-eabi/10.3.1/thumb/v7e-m+fp/hard/crti.o
 .bss           0x0000000000000000        0x0 c:/st/stm32cubeide_1.12.1/stm32cubeide/plugins/com.st.stm32cube.ide.mcu.externaltools.gnu-tools-for-stm32.10.3-2021.10.win32_1.0.200.202301161003/tools/bin/../lib/gcc/arm-none-eabi/10.3.1/thumb/v7e-m+fp/hard/crti.o
[...]
Memory Configuration

Name             Origin             Length             Attributes
RAM              0x0000000020000000 0x0000000000020000 xrw
FLASH            0x0000000008000000 0x0000000000080000 xr
*default*        0x0000000000000000 0xffffffffffffffff

Linker script and memory map

LOAD c:/st/stm32cubeide_1.12.1/stm32cubeide/plugins/com.st.stm32cube.ide.mcu.externaltools.gnu-tools-for-stm32.10.3-2021.10.win32_1.0.200.202301161003/tools/bin/../lib/gcc/arm-none-eabi/10.3.1/thumb/v7e-m+fp/hard/crti.o
LOAD c:/st/stm32cubeide_1.12.1/stm32cubeide/plugins/com.st.stm32cube.ide.mcu.externaltools.gnu-tools-for-stm32.10.3-2021.10.win32_1.0.200.202301161003/tools/bin/../lib/gcc/arm-none-eabi/10.3.1/thumb/v7e-m+fp/hard/crtbegin.o
LOAD c:/st/stm32cubeide_1.12.1/stm32cubeide/plugins/com.st.stm32cube.ide.mcu.externaltools.gnu-tools-for-stm32.10.3-2021.10.win32_1.0.200.202301161003/tools/bin/../lib/gcc/arm-none-eabi/10.3.1/../../../../arm-none-eabi/lib/thumb/v7e-m+fp/hard/crt0.o
LOAD ./Core/Src/main.o
LOAD ./Core/Src/stm32f4xx_hal_msp.o
LOAD ./Core/Src/stm32f4xx_it.o
LOAD ./Core/Src/syscalls.o
LOAD ./Core/Src/sysmem.o
LOAD ./Core/Src/system_stm32f4xx.o
LOAD ./Core/Startup/startup_stm32f446retx.o
LOAD ./Drivers/STM32F4xx_HAL_Driver/Src/stm32f4xx_hal.o
LOAD ./Drivers/STM32F4xx_HAL_Driver/Src/stm32f4xx_hal_adc.o
LOAD ./Drivers/STM32F4xx_HAL_Driver/Src/stm32f4xx_hal_adc_ex.o
LOAD ./Drivers/STM32F4xx_HAL_Driver/Src/stm32f4xx_hal_cortex.o
LOAD ./Drivers/STM32F4xx_HAL_Driver/Src/stm32f4xx_hal_dma.o
LOAD ./Drivers/STM32F4xx_HAL_Driver/Src/stm32f4xx_hal_dma_ex.o
LOAD ./Drivers/STM32F4xx_HAL_Driver/Src/stm32f4xx_hal_exti.o
LOAD ./Drivers/STM32F4xx_HAL_Driver/Src/stm32f4xx_hal_flash.o
LOAD ./Drivers/STM32F4xx_HAL_Driver/Src/stm32f4xx_hal_flash_ex.o
LOAD ./Drivers/STM32F4xx_HAL_Driver/Src/stm32f4xx_hal_flash_ramfunc.o
LOAD ./Drivers/STM32F4xx_HAL_Driver/Src/stm32f4xx_hal_gpio.o
LOAD ./Drivers/STM32F4xx_HAL_Driver/Src/stm32f4xx_hal_i2c.o
LOAD ./Drivers/STM32F4xx_HAL_Driver/Src/stm32f4xx_hal_i2c_ex.o
LOAD ./Drivers/STM32F4xx_HAL_Driver/Src/stm32f4xx_hal_pcd.o
LOAD ./Drivers/STM32F4xx_HAL_Driver/Src/stm32f4xx_hal_pcd_ex.o
LOAD ./Drivers/STM32F4xx_HAL_Driver/Src/stm32f4xx_hal_pwr.o
LOAD ./Drivers/STM32F4xx_HAL_Driver/Src/stm32f4xx_hal_pwr_ex.o
LOAD ./Drivers/STM32F4xx_HAL_Driver/Src/stm32f4xx_hal_qspi.o
LOAD ./Drivers/STM32F4xx_HAL_Driver/Src/stm32f4xx_hal_rcc.o
LOAD ./Drivers/STM32F4xx_HAL_Driver/Src/stm32f4xx_hal_rcc_ex.o
LOAD ./Drivers/STM32F4xx_HAL_Driver/Src/stm32f4xx_hal_spi.o
LOAD ./Drivers/STM32F4xx_HAL_Driver/Src/stm32f4xx_hal_tim.o
LOAD ./Drivers/STM32F4xx_HAL_Driver/Src/stm32f4xx_hal_tim_ex.o
LOAD ./Drivers/STM32F4xx_HAL_Driver/Src/stm32f4xx_hal_uart.o
LOAD ./Drivers/STM32F4xx_HAL_Driver/Src/stm32f4xx_ll_adc.o
LOAD ./Drivers/STM32F4xx_HAL_Driver/Src/stm32f4xx_ll_usb.o
LOAD ./Middlewares/ST/STM32_USB_Device_Library/Class/CDC/Src/usbd_cdc.o
LOAD ./Middlewares/ST/STM32_USB_Device_Library/Core/Src/usbd_core.o
LOAD ./Middlewares/ST/STM32_USB_Device_Library/Core/Src/usbd_ctlreq.o
LOAD ./Middlewares/ST/STM32_USB_Device_Library/Core/Src/usbd_ioreq.o
LOAD ./USB_DEVICE/App/usb_device.o
LOAD ./USB_DEVICE/App/usbd_cdc_if.o
LOAD ./USB_DEVICE/App/usbd_desc.o
LOAD ./USB_DEVICE/Target/usbd_conf.o
START GROUP
LOAD c:/st/stm32cubeide_1.12.1/stm32cubeide/plugins/com.st.stm32cube.ide.mcu.externaltools.gnu-tools-for-stm32.10.3-2021.10.win32_1.0.200.202301161003/tools/bin/../lib/gcc/arm-none-eabi/10.3.1/../../../../arm-none-eabi/lib/thumb/v7e-m+fp/hard\libc_nano.a
LOAD c:/st/stm32cubeide_1.12.1/stm32cubeide/plugins/com.st.stm32cube.ide.mcu.externaltools.gnu-tools-for-stm32.10.3-2021.10.win32_1.0.200.202301161003/tools/bin/../lib/gcc/arm-none-eabi/10.3.1/../../../../arm-none-eabi/lib/thumb/v7e-m+fp/hard\libm.a
END GROUP
START GROUP
LOAD c:/st/stm32cubeide_1.12.1/stm32cubeide/plugins/com.st.stm32cube.ide.mcu.externaltools.gnu-tools-for-stm32.10.3-2021.10.win32_1.0.200.202301161003/tools/bin/../lib/gcc/arm-none-eabi/10.3.1/thumb/v7e-m+fp/hard\libgcc.a
LOAD c:/st/stm32cubeide_1.12.1/stm32cubeide/plugins/com.st.stm32cube.ide.mcu.externaltools.gnu-tools-for-stm32.10.3-2021.10.win32_1.0.200.202301161003/tools/bin/../lib/gcc/arm-none-eabi/10.3.1/../../../../arm-none-eabi/lib/thumb/v7e-m+fp/hard\libc_nano.a
END GROUP
START GROUP
LOAD c:/st/stm32cubeide_1.12.1/stm32cubeide/plugins/com.st.stm32cube.ide.mcu.externaltools.gnu-tools-for-stm32.10.3-2021.10.win32_1.0.200.202301161003/tools/bin/../lib/gcc/arm-none-eabi/10.3.1/thumb/v7e-m+fp/hard\libgcc.a
LOAD c:/st/stm32cubeide_1.12.1/stm32cubeide/plugins/com.st.stm32cube.ide.mcu.externaltools.gnu-tools-for-stm32.10.3-2021.10.win32_1.0.200.202301161003/tools/bin/../lib/gcc/arm-none-eabi/10.3.1/../../../../arm-none-eabi/lib/thumb/v7e-m+fp/hard\libc_nano.a
LOAD c:/st/stm32cubeide_1.12.1/stm32cubeide/plugins/com.st.stm32cube.ide.mcu.externaltools.gnu-tools-for-stm32.10.3-2021.10.win32_1.0.200.202301161003/tools/bin/../lib/gcc/arm-none-eabi/10.3.1/../../../../arm-none-eabi/lib/thumb/v7e-m+fp/hard\libnosys.a
END GROUP
START GROUP
LOAD c:/st/stm32cubeide_1.12.1/stm32cubeide/plugins/com.st.stm32cube.ide.mcu.externaltools.gnu-tools-for-stm32.10.3-2021.10.win32_1.0.200.202301161003/tools/bin/../lib/gcc/arm-none-eabi/10.3.1/thumb/v7e-m+fp/hard\libgcc.a
LOAD c:/st/stm32cubeide_1.12.1/stm32cubeide/plugins/com.st.stm32cube.ide.mcu.externaltools.gnu-tools-for-stm32.10.3-2021.10.win32_1.0.200.202301161003/tools/bin/../lib/gcc/arm-none-eabi/10.3.1/../../../../arm-none-eabi/lib/thumb/v7e-m+fp/hard\libc_nano.a
LOAD c:/st/stm32cubeide_1.12.1/stm32cubeide/plugins/com.st.stm32cube.ide.mcu.externaltools.gnu-tools-for-stm32.10.3-2021.10.win32_1.0.200.202301161003/tools/bin/../lib/gcc/arm-none-eabi/10.3.1/../../../../arm-none-eabi/lib/thumb/v7e-m+fp/hard\libnosys.a
END GROUP
LOAD c:/st/stm32cubeide_1.12.1/stm32cubeide/plugins/com.st.stm32cube.ide.mcu.externaltools.gnu-tools-for-stm32.10.3-2021.10.win32_1.0.200.202301161003/tools/bin/../lib/gcc/arm-none-eabi/10.3.1/thumb/v7e-m+fp/hard/crtend.o
LOAD c:/st/stm32cubeide_1.12.1/stm32cubeide/plugins/com.st.stm32cube.ide.mcu.externaltools.gnu-tools-for-stm32.10.3-2021.10.win32_1.0.200.202301161003/tools/bin/../lib/gcc/arm-none-eabi/10.3.1/thumb/v7e-m+fp/hard/crtn.o
                0x0000000020020000                _estack = (ORIGIN (RAM) + LENGTH (RAM))
                0x0000000000000200                _Min_Heap_Size = 0x200
                0x0000000000000400                _Min_Stack_Size = 0x400

.isr_vector     0x0000000008000000      0x1c4
                0x0000000008000000                . = ALIGN (0x4)
 *(.isr_vector)
 .isr_vector    0x0000000008000000      0x1c4 ./Core/Startup/startup_stm32f446retx.o
                0x0000000008000000                g_pfnVectors
                0x00000000080001c4                . = ALIGN (0x4)

.text           0x00000000080001c4     0x8da4
                0x00000000080001c4                . = ALIGN (0x4)
 *(.text)
 .text          0x00000000080001c4       0x40 c:/st/stm32cubeide_1.12.1/stm32cubeide/plugins/com.st.stm32cube.ide.mcu.externaltools.gnu-tools-for-stm32.10.3-2021.10.win32_1.0.200.202301161003/tools/bin/../lib/gcc/arm-none-eabi/10.3.1/thumb/v7e-m+fp/hard/crtbegin.o
 .text          0x0000000008000204       0x30 c:/st/stm32cubeide_1.12.1/stm32cubeide/plugins/com.st.stm32cube.ide.mcu.externaltools.gnu-tools-for-stm32.10.3-2021.10.win32_1.0.200.202301161003/tools/bin/../lib/gcc/arm-none-eabi/10.3.1/thumb/v7e-m+fp/hard\libgcc.a(_aeabi_uldivmod.o)
                0x0000000008000204                __aeabi_uldivmod
 .text          0x0000000008000234      0x2d0 c:/st/stm32cubeide_1.12.1/stm32cubeide/plugins/com.st.stm32cube.ide.mcu.externaltools.gnu-tools-for-stm32.10.3-2021.10.win32_1.0.200.202301161003/tools/bin/../lib/gcc/arm-none-eabi/10.3.1/thumb/v7e-m+fp/hard\libgcc.a(_udivmoddi4.o)
                0x0000000008000234                __udivmoddi4
 .text          0x0000000008000504        0x4 c:/st/stm32cubeide_1.12.1/stm32cubeide/plugins/com.st.stm32cube.ide.mcu.externaltools.gnu-tools-for-stm32.10.3-2021.10.win32_1.0.200.202301161003/tools/bin/../lib/gcc/arm-none-eabi/10.3.1/thumb/v7e-m+fp/hard\libgcc.a(_dvmd_tls.o)
                0x0000000008000504                __aeabi_idiv0
                0x0000000008000504                __aeabi_ldiv0
 *(.text*)
 .text.main     0x0000000008000508       0x50 ./Core/Src/main.o
                0x0000000008000508                main
 .text.SystemClock_Config
                0x0000000008000558       0xd8 ./Core/Src/main.o
                0x0000000008000558                SystemClock_Config
 .text.MX_ADC1_Init
                0x0000000008000630       0xa4 ./Core/Src/main.o
 .text.MX_I2C1_Init
                0x00000000080006d4       0x5c ./Core/Src/main.o
 .text.MX_QUADSPI_Init
                0x0000000008000730       0x58 ./Core/Src/main.o
 .text.MX_SPI1_Init
                0x0000000008000788       0x6c ./Core/Src/main.o
 .text.MX_UART5_Init
                0x00000000080007f4       0x54 ./Core/Src/main.o
 .text.MX_GPIO_Init
                0x0000000008000848      0x168 ./Core/Src/main.o
 .text.Error_Handler
                0x00000000080009b0        0xa ./Core/Src/main.o
                0x00000000080009b0                Error_Handler
 *fill*         0x00000000080009ba        0x2 
 .text.HAL_MspInit
                0x00000000080009bc       0x50 ./Core/Src/stm32f4xx_hal_msp.o
                0x00000000080009bc                HAL_MspInit
 .text.HAL_ADC_MspInit
                0x0000000008000a0c       0x88 ./Core/Src/stm32f4xx_hal_msp.o
                0x0000000008000a0c                HAL_ADC_MspInit
 .text.HAL_I2C_MspInit
                0x0000000008000a94       0x90 ./Core/Src/stm32f4xx_hal_msp.o
                0x0000000008000a94                HAL_I2C_MspInit
 .text.HAL_QSPI_MspInit
                0x0000000008000b24       0xf0 ./Core/Src/stm32f4xx_hal_msp.o
                0x0000000008000b24                HAL_QSPI_MspInit
 .text.HAL_SPI_MspInit
                0x0000000008000c14       0x90 ./Core/Src/stm32f4xx_hal_msp.o
                0x0000000008000c14                HAL_SPI_MspInit
 .text.HAL_UART_MspInit
                0x0000000008000ca4       0xd0 ./Core/Src/stm32f4xx_hal_msp.o
                0x0000000008000ca4                HAL_UART_MspInit
 .text.NMI_Handler
                0x0000000008000d74        0x6 ./Core/Src/stm32f4xx_it.o
                0x0000000008000d74                NMI_Handler
 .text.HardFault_Handler
                0x0000000008000d7a        0x6 ./Core/Src/stm32f4xx_it.o
                0x0000000008000d7a                HardFault_Handler
 .text.MemManage_Handler
                0x0000000008000d80        0x6 ./Core/Src/stm32f4xx_it.o
                0x0000000008000d80                MemManage_Handler
 .text.BusFault_Handler
                0x0000000008000d86        0x6 ./Core/Src/stm32f4xx_it.o
                0x0000000008000d86                BusFault_Handler
 .text.UsageFault_Handler
                0x0000000008000d8c        0x6 ./Core/Src/stm32f4xx_it.o
                0x0000000008000d8c                UsageFault_Handler
 .text.SVC_Handler
                0x0000000008000d92        0xe ./Core/Src/stm32f4xx_it.o
                0x0000000008000d92                SVC_Handler
 .text.DebugMon_Handler
                0x0000000008000da0        0xe ./Core/Src/stm32f4xx_it.o
                0x0000000008000da0                DebugMon_Handler
 .text.PendSV_Handler
                0x0000000008000dae        0xe ./Core/Src/stm32f4xx_it.o
                0x0000000008000dae                PendSV_Handler
 .text.SysTick_Handler
                0x0000000008000dbc        0xc ./Core/Src/stm32f4xx_it.o
                0x0000000008000dbc                SysTick_Handler
 .text.OTG_FS_IRQHandler
                0x0000000008000dc8       0x14 ./Core/Src/stm32f4xx_it.o
                0x0000000008000dc8                OTG_FS_IRQHandler
 .text.SystemInit
                0x0000000008000ddc       0x24 ./Core/Src/system_stm32f4xx.o
                0x0000000008000ddc                SystemInit
 .text.Reset_Handler
                0x0000000008000e00       0x50 ./Core/Startup/startup_stm32f446retx.o
                0x0000000008000e00                Reset_Handler
 .text.Default_Handler
                0x0000000008000e50        0x2 ./Core/Startup/startup_stm32f446retx.o
                0x0000000008000e50                RTC_Alarm_IRQHandler
                0x0000000008000e50                EXTI2_IRQHandler
                0x0000000008000e50                TIM8_CC_IRQHandler
                0x0000000008000e50                FMPI2C1_EV_IRQHandler
                0x0000000008000e50                SPI4_IRQHandler
                0x0000000008000e50                TIM1_CC_IRQHandler
                0x0000000008000e50                DMA2_Stream5_IRQHandler
                0x0000000008000e50                DMA1_Stream5_IRQHandler
                0x0000000008000e50                PVD_IRQHandler
                0x0000000008000e50                SDIO_IRQHandler
                0x0000000008000e50                TAMP_STAMP_IRQHandler
                0x0000000008000e50                CAN2_RX1_IRQHandler
                0x0000000008000e50                EXTI3_IRQHandler
                0x0000000008000e50                TIM8_TRG_COM_TIM14_IRQHandler
                0x0000000008000e50                TIM1_UP_TIM10_IRQHandler
                0x0000000008000e50                TIM8_UP_TIM13_IRQHandler
                0x0000000008000e50                I2C3_ER_IRQHandler
                0x0000000008000e50                EXTI0_IRQHandler
                0x0000000008000e50                I2C2_EV_IRQHandler
                0x0000000008000e50                DMA1_Stream2_IRQHandler
                0x0000000008000e50                CAN1_RX0_IRQHandler
                0x0000000008000e50                FPU_IRQHandler
                0x0000000008000e50                OTG_HS_WKUP_IRQHandler
                0x0000000008000e50                CAN2_SCE_IRQHandler
                0x0000000008000e50                DMA2_Stream2_IRQHandler
                0x0000000008000e50                SPI1_IRQHandler
                0x0000000008000e50                TIM6_DAC_IRQHandler
                0x0000000008000e50                TIM1_BRK_TIM9_IRQHandler
                0x0000000008000e50                DCMI_IRQHandler
                0x0000000008000e50                CAN2_RX0_IRQHandler
                0x0000000008000e50                DMA2_Stream3_IRQHandler
                0x0000000008000e50                SAI2_IRQHandler
                0x0000000008000e50                USART6_IRQHandler
                0x0000000008000e50                USART3_IRQHandler
                0x0000000008000e50                CAN1_RX1_IRQHandler
                0x0000000008000e50                UART5_IRQHandler
                0x0000000008000e50                DMA2_Stream0_IRQHandler
                0x0000000008000e50                TIM4_IRQHandler
                0x0000000008000e50                QUADSPI_IRQHandler
                0x0000000008000e50                I2C1_EV_IRQHandler
                0x0000000008000e50                DMA1_Stream6_IRQHandler
                0x0000000008000e50                DMA1_Stream1_IRQHandler
                0x0000000008000e50                UART4_IRQHandler
                0x0000000008000e50                TIM3_IRQHandler
                0x0000000008000e50                RCC_IRQHandler
                0x0000000008000e50                TIM8_BRK_TIM12_IRQHandler
                0x0000000008000e50                Default_Handler
                0x0000000008000e50                CEC_IRQHandler
                0x0000000008000e50                EXTI15_10_IRQHandler
                0x0000000008000e50                ADC_IRQHandler
                0x0000000008000e50                DMA1_Stream7_IRQHandler
                0x0000000008000e50                TIM7_IRQHandler
                0x0000000008000e50                CAN2_TX_IRQHandler
                0x0000000008000e50                TIM5_IRQHandler
                0x0000000008000e50                DMA2_Stream7_IRQHandler
                0x0000000008000e50                I2C3_EV_IRQHandler
                0x0000000008000e50                EXTI9_5_IRQHandler
                0x0000000008000e50                RTC_WKUP_IRQHandler
                0x0000000008000e50                SPDIF_RX_IRQHandler
                0x0000000008000e50                SPI2_IRQHandler
                0x0000000008000e50                OTG_HS_EP1_IN_IRQHandler
                0x0000000008000e50                DMA1_Stream0_IRQHandler
                0x0000000008000e50                CAN1_TX_IRQHandler
                0x0000000008000e50                FMPI2C1_ER_IRQHandler
                0x0000000008000e50                EXTI4_IRQHandler
                0x0000000008000e50                OTG_HS_EP1_OUT_IRQHandler
                0x0000000008000e50                WWDG_IRQHandler
                0x0000000008000e50                TIM2_IRQHandler
                0x0000000008000e50                OTG_FS_WKUP_IRQHandler
                0x0000000008000e50                TIM1_TRG_COM_TIM11_IRQHandler
                0x0000000008000e50                OTG_HS_IRQHandler
                0x0000000008000e50                EXTI1_IRQHandler
                0x0000000008000e50                USART2_IRQHandler
                0x0000000008000e50                I2C2_ER_IRQHandler
                0x0000000008000e50                DMA2_Stream1_IRQHandler
                0x0000000008000e50                CAN1_SCE_IRQHandler
                0x0000000008000e50                FLASH_IRQHandler
                0x0000000008000e50                DMA2_Stream4_IRQHandler
                0x0000000008000e50                USART1_IRQHandler
                0x0000000008000e50                SPI3_IRQHandler
                0x0000000008000e50                DMA1_Stream4_IRQHandler
                0x0000000008000e50                I2C1_ER_IRQHandler
                0x0000000008000e50                FMC_IRQHandler
                0x0000000008000e50                DMA2_Stream6_IRQHandler
                0x0000000008000e50                SAI1_IRQHandler
                0x0000000008000e50                DMA1_Stream3_IRQHandler
 *fill*         0x0000000008000e52        0x2 
 .text.HAL_Init
                0x0000000008000e54       0x44 ./Drivers/STM32F4xx_HAL_Driver/Src/stm32f4xx_hal.o
                0x0000000008000e54                HAL_Init
 .text.HAL_InitTick
                0x0000000008000e98       0x60 ./Drivers/STM32F4xx_HAL_Driver/Src/stm32f4xx_hal.o
                0x0000000008000e98                HAL_InitTick
 .text.HAL_IncTick
                0x0000000008000ef8       0x28 ./Drivers/STM32F4xx_HAL_Driver/Src/stm32f4xx_hal.o
                0x0000000008000ef8                HAL_IncTick
 .text.HAL_GetTick
                0x0000000008000f20       0x18 ./Drivers/STM32F4xx_HAL_Driver/Src/stm32f4xx_hal.o
                0x0000000008000f20                HAL_GetTick
 .text.HAL_Delay
                0x0000000008000f38       0x48 ./Drivers/STM32F4xx_HAL_Driver/Src/stm32f4xx_hal.o
                0x0000000008000f38                HAL_Delay
 .text.HAL_ADC_Init
                0x0000000008000f80       0x86 ./Drivers/STM32F4xx_HAL_Driver/Src/stm32f4xx_hal_adc.o
                0x0000000008000f80                HAL_ADC_Init
 *fill*         0x0000000008001006        0x2 
 .text.HAL_ADC_ConfigChannel
                0x0000000008001008      0x264 ./Drivers/STM32F4xx_HAL_Driver/Src/stm32f4xx_hal_adc.o
                0x0000000008001008                HAL_ADC_ConfigChannel
 .text.ADC_Init
                0x000000000800126c      0x1f8 ./Drivers/STM32F4xx_HAL_Driver/Src/stm32f4xx_hal_adc.o
 .text.__NVIC_SetPriorityGrouping
                0x0000000008001464       0x48 ./Drivers/STM32F4xx_HAL_Driver/Src/stm32f4xx_hal_cortex.o
 .text.__NVIC_GetPriorityGrouping
                0x00000000080014ac       0x1c ./Drivers/STM32F4xx_HAL_Driver/Src/stm32f4xx_hal_cortex.o
 .text.__NVIC_EnableIRQ
                0x00000000080014c8       0x3c ./Drivers/STM32F4xx_HAL_Driver/Src/stm32f4xx_hal_cortex.o
 .text.__NVIC_SetPriority
                0x0000000008001504       0x54 ./Drivers/STM32F4xx_HAL_Driver/Src/stm32f4xx_hal_cortex.o
 .text.NVIC_EncodePriority
                0x0000000008001558       0x66 ./Drivers/STM32F4xx_HAL_Driver/Src/stm32f4xx_hal_cortex.o
 *fill*         0x00000000080015be        0x2 
 .text.SysTick_Config
                0x00000000080015c0       0x44 ./Drivers/STM32F4xx_HAL_Driver/Src/stm32f4xx_hal_cortex.o
 .text.HAL_NVIC_SetPriorityGrouping
                0x0000000008001604       0x16 ./Drivers/STM32F4xx_HAL_Driver/Src/stm32f4xx_hal_cortex.o
                0x0000000008001604                HAL_NVIC_SetPriorityGrouping
 .text.HAL_NVIC_SetPriority
                0x000000000800161a       0x38 ./Drivers/STM32F4xx_HAL_Driver/Src/stm32f4xx_hal_cortex.o
                0x000000000800161a                HAL_NVIC_SetPriority
 .text.HAL_NVIC_EnableIRQ
                0x0000000008001652       0x1c ./Drivers/STM32F4xx_HAL_Driver/Src/stm32f4xx_hal_cortex.o
                0x0000000008001652                HAL_NVIC_EnableIRQ
 .text.HAL_SYSTICK_Config
                0x000000000800166e       0x18 ./Drivers/STM32F4xx_HAL_Driver/Src/stm32f4xx_hal_cortex.o
                0x000000000800166e                HAL_SYSTICK_Config
 *fill*         0x0000000008001686        0x2 
 .text.HAL_GPIO_Init
                0x0000000008001688      0x328 ./Drivers/STM32F4xx_HAL_Driver/Src/stm32f4xx_hal_gpio.o
                0x0000000008001688                HAL_GPIO_Init
 .text.HAL_GPIO_WritePin
                0x00000000080019b0       0x32 ./Drivers/STM32F4xx_HAL_Driver/Src/stm32f4xx_hal_gpio.o
                0x00000000080019b0                HAL_GPIO_WritePin
 *fill*         0x00000000080019e2        0x2 
 .text.HAL_I2C_Init
                0x00000000080019e4      0x288 ./Drivers/STM32F4xx_HAL_Driver/Src/stm32f4xx_hal_i2c.o
                0x00000000080019e4                HAL_I2C_Init
 .text.HAL_PCD_Init
                0x0000000008001c6c      0x248 ./Drivers/STM32F4xx_HAL_Driver/Src/stm32f4xx_hal_pcd.o
                0x0000000008001c6c                HAL_PCD_Init
 .text.HAL_PCD_Start
                0x0000000008001eb4       0x66 ./Drivers/STM32F4xx_HAL_Driver/Src/stm32f4xx_hal_pcd.o
                0x0000000008001eb4                HAL_PCD_Start
 .text.HAL_PCD_IRQHandler
                0x0000000008001f1a      0x998 ./Drivers/STM32F4xx_HAL_Driver/Src/stm32f4xx_hal_pcd.o
                0x0000000008001f1a                HAL_PCD_IRQHandler
 .text.HAL_PCD_SetAddress
                0x00000000080028b2       0x4a ./Drivers/STM32F4xx_HAL_Driver/Src/stm32f4xx_hal_pcd.o
                0x00000000080028b2                HAL_PCD_SetAddress
 .text.HAL_PCD_EP_Open
                0x00000000080028fc       0xd0 ./Drivers/STM32F4xx_HAL_Driver/Src/stm32f4xx_hal_pcd.o
                0x00000000080028fc                HAL_PCD_EP_Open
 .text.HAL_PCD_EP_Close
                0x00000000080029cc       0x94 ./Drivers/STM32F4xx_HAL_Driver/Src/stm32f4xx_hal_pcd.o
                0x00000000080029cc                HAL_PCD_EP_Close
 .text.HAL_PCD_EP_Receive
                0x0000000008002a60       0x96 ./Drivers/STM32F4xx_HAL_Driver/Src/stm32f4xx_hal_pcd.o
                0x0000000008002a60                HAL_PCD_EP_Receive
 .text.HAL_PCD_EP_GetRxCount
                0x0000000008002af6       0x30 ./Drivers/STM32F4xx_HAL_Driver/Src/stm32f4xx_hal_pcd.o
                0x0000000008002af6                HAL_PCD_EP_GetRxCount
 .text.HAL_PCD_EP_Transmit
                0x0000000008002b26       0x94 ./Drivers/STM32F4xx_HAL_Driver/Src/stm32f4xx_hal_pcd.o
                0x0000000008002b26                HAL_PCD_EP_Transmit
 .text.HAL_PCD_EP_SetStall
                0x0000000008002bba       0xc8 ./Drivers/STM32F4xx_HAL_Driver/Src/stm32f4xx_hal_pcd.o
                0x0000000008002bba                HAL_PCD_EP_SetStall
 .text.HAL_PCD_EP_ClrStall
                0x0000000008002c82       0xac ./Drivers/STM32F4xx_HAL_Driver/Src/stm32f4xx_hal_pcd.o
                0x0000000008002c82                HAL_PCD_EP_ClrStall
 .text.HAL_PCD_EP_Abort
                0x0000000008002d2e       0x62 ./Drivers/STM32F4xx_HAL_Driver/Src/stm32f4xx_hal_pcd.o
                0x0000000008002d2e                HAL_PCD_EP_Abort
 .text.PCD_WriteEmptyTxFifo
                0x0000000008002d90      0x11a ./Drivers/STM32F4xx_HAL_Driver/Src/stm32f4xx_hal_pcd.o
 *fill*         0x0000000008002eaa        0x2 
 .text.PCD_EP_OutXfrComplete_int
                0x0000000008002eac      0x1d0 ./Drivers/STM32F4xx_HAL_Driver/Src/stm32f4xx_hal_pcd.o
 .text.PCD_EP_OutSetupPacket_int
                0x000000000800307c       0x8c ./Drivers/STM32F4xx_HAL_Driver/Src/stm32f4xx_hal_pcd.o
 .text.HAL_PCDEx_SetTxFiFo
                0x0000000008003108       0x8e ./Drivers/STM32F4xx_HAL_Driver/Src/stm32f4xx_hal_pcd_ex.o
                0x0000000008003108                HAL_PCDEx_SetTxFiFo
 .text.HAL_PCDEx_SetRxFiFo
                0x0000000008003196       0x22 ./Drivers/STM32F4xx_HAL_Driver/Src/stm32f4xx_hal_pcd_ex.o
                0x0000000008003196                HAL_PCDEx_SetRxFiFo
 .text.HAL_PCDEx_ActivateLPM
                0x00000000080031b8       0x48 ./Drivers/STM32F4xx_HAL_Driver/Src/stm32f4xx_hal_pcd_ex.o
                0x00000000080031b8                HAL_PCDEx_ActivateLPM
 .text.HAL_QSPI_Init
                0x0000000008003200       0xf8 ./Drivers/STM32F4xx_HAL_Driver/Src/stm32f4xx_hal_qspi.o
                0x0000000008003200                HAL_QSPI_Init
 .text.HAL_QSPI_SetTimeout
                0x00000000080032f8       0x1c ./Drivers/STM32F4xx_HAL_Driver/Src/stm32f4xx_hal_qspi.o
                0x00000000080032f8                HAL_QSPI_SetTimeout
 .text.QSPI_WaitFlagStateUntilTimeout
                0x0000000008003314       0x6e ./Drivers/STM32F4xx_HAL_Driver/Src/stm32f4xx_hal_qspi.o
 *fill*         0x0000000008003382        0x2 
 .text.HAL_RCC_ClockConfig
                0x0000000008003384      0x1cc ./Drivers/STM32F4xx_HAL_Driver/Src/stm32f4xx_hal_rcc.o
                0x0000000008003384                HAL_RCC_ClockConfig
 .text.HAL_RCC_GetHCLKFreq
                0x0000000008003550       0x18 ./Drivers/STM32F4xx_HAL_Driver/Src/stm32f4xx_hal_rcc.o
                0x0000000008003550                HAL_RCC_GetHCLKFreq
 .text.HAL_RCC_GetPCLK1Freq
                0x0000000008003568       0x28 ./Drivers/STM32F4xx_HAL_Driver/Src/stm32f4xx_hal_rcc.o
                0x0000000008003568                HAL_RCC_GetPCLK1Freq
 .text.HAL_RCC_GetPCLK2Freq
                0x0000000008003590       0x28 ./Drivers/STM32F4xx_HAL_Driver/Src/stm32f4xx_hal_rcc.o
                0x0000000008003590                HAL_RCC_GetPCLK2Freq
 .text.HAL_RCCEx_PeriphCLKConfig
                0x00000000080035b8      0x654 ./Drivers/STM32F4xx_HAL_Driver/Src/stm32f4xx_hal_rcc_ex.o
                0x00000000080035b8                HAL_RCCEx_PeriphCLKConfig
 .text.HAL_RCC_GetSysClockFreq
                0x0000000008003c0c      0x460 ./Drivers/STM32F4xx_HAL_Driver/Src/stm32f4xx_hal_rcc_ex.o
                0x0000000008003c0c                HAL_RCC_GetSysClockFreq
 .text.HAL_RCC_OscConfig
                0x000000000800406c      0x53c ./Drivers/STM32F4xx_HAL_Driver/Src/stm32f4xx_hal_rcc_ex.o
                0x000000000800406c                HAL_RCC_OscConfig
 .text.HAL_SPI_Init
                0x00000000080045a8      0x112 ./Drivers/STM32F4xx_HAL_Driver/Src/stm32f4xx_hal_spi.o
                0x00000000080045a8                HAL_SPI_Init
 .text.HAL_UART_Init
                0x00000000080046ba       0x9a ./Drivers/STM32F4xx_HAL_Driver/Src/stm32f4xx_hal_uart.o
                0x00000000080046ba                HAL_UART_Init
 .text.UART_SetConfig
                0x0000000008004754      0x4e8 ./Drivers/STM32F4xx_HAL_Driver/Src/stm32f4xx_hal_uart.o
 .text.USB_CoreInit
                0x0000000008004c3c       0xc2 ./Drivers/STM32F4xx_HAL_Driver/Src/stm32f4xx_ll_usb.o
                0x0000000008004c3c                USB_CoreInit
 *fill*         0x0000000008004cfe        0x2 
 .text.USB_SetTurnaroundTime
                0x0000000008004d00      0x144 ./Drivers/STM32F4xx_HAL_Driver/Src/stm32f4xx_ll_usb.o
                0x0000000008004d00                USB_SetTurnaroundTime
 .text.USB_EnableGlobalInt
                0x0000000008004e44       0x22 ./Drivers/STM32F4xx_HAL_Driver/Src/stm32f4xx_ll_usb.o
                0x0000000008004e44                USB_EnableGlobalInt
 .text.USB_DisableGlobalInt
                0x0000000008004e66       0x22 ./Drivers/STM32F4xx_HAL_Driver/Src/stm32f4xx_ll_usb.o
                0x0000000008004e66                USB_DisableGlobalInt
 .text.USB_SetCurrentMode
                0x0000000008004e88       0x98 ./Drivers/STM32F4xx_HAL_Driver/Src/stm32f4xx_ll_usb.o
                0x0000000008004e88                USB_SetCurrentMode
 .text.USB_DevInit
                0x0000000008004f20      0x2bc ./Drivers/STM32F4xx_HAL_Driver/Src/stm32f4xx_ll_usb.o
                0x0000000008004f20                USB_DevInit
 .text.USB_FlushTxFifo
                0x00000000080051dc       0x68 ./Drivers/STM32F4xx_HAL_Driver/Src/stm32f4xx_ll_usb.o
                0x00000000080051dc                USB_FlushTxFifo
 .text.USB_FlushRxFifo
                0x0000000008005244       0x60 ./Drivers/STM32F4xx_HAL_Driver/Src/stm32f4xx_ll_usb.o
                0x0000000008005244                USB_FlushRxFifo
 .text.USB_SetDevSpeed
                0x00000000080052a4       0x32 ./Drivers/STM32F4xx_HAL_Driver/Src/stm32f4xx_ll_usb.o
                0x00000000080052a4                USB_SetDevSpeed
 .text.USB_GetDevSpeed
                0x00000000080052d6       0x4a ./Drivers/STM32F4xx_HAL_Driver/Src/stm32f4xx_ll_usb.o
                0x00000000080052d6                USB_GetDevSpeed
 .text.USB_ActivateEndpoint
                0x0000000008005320      0x10e ./Drivers/STM32F4xx_HAL_Driver/Src/stm32f4xx_ll_usb.o
                0x0000000008005320                USB_ActivateEndpoint
 *fill*         0x000000000800542e        0x2 
 .text.USB_DeactivateEndpoint
                0x0000000008005430      0x1b8 ./Drivers/STM32F4xx_HAL_Driver/Src/stm32f4xx_ll_usb.o
                0x0000000008005430                USB_DeactivateEndpoint
 .text.USB_EPStartXfer
                0x00000000080055e8      0x490 ./Drivers/STM32F4xx_HAL_Driver/Src/stm32f4xx_ll_usb.o
                0x00000000080055e8                USB_EPStartXfer
 .text.USB_EP0StartXfer
                0x0000000008005a78      0x2b0 ./Drivers/STM32F4xx_HAL_Driver/Src/stm32f4xx_ll_usb.o
                0x0000000008005a78                USB_EP0StartXfer
 .text.USB_EPStopXfer
                0x0000000008005d28      0x154 ./Drivers/STM32F4xx_HAL_Driver/Src/stm32f4xx_ll_usb.o
                0x0000000008005d28                USB_EPStopXfer
 .text.USB_WritePacket
                0x0000000008005e7c       0x7c ./Drivers/STM32F4xx_HAL_Driver/Src/stm32f4xx_ll_usb.o
                0x0000000008005e7c                USB_WritePacket
 .text.USB_ReadPacket
                0x0000000008005ef8       0xb0 ./Drivers/STM32F4xx_HAL_Driver/Src/stm32f4xx_ll_usb.o
                0x0000000008005ef8                USB_ReadPacket
 .text.USB_EPSetStall
                0x0000000008005fa8       0xdc ./Drivers/STM32F4xx_HAL_Driver/Src/stm32f4xx_ll_usb.o
                0x0000000008005fa8                USB_EPSetStall
 .text.USB_EPClearStall
                0x0000000008006084       0xcc ./Drivers/STM32F4xx_HAL_Driver/Src/stm32f4xx_ll_usb.o
                0x0000000008006084                USB_EPClearStall
 .text.USB_SetDevAddress
                0x0000000008006150       0x4c ./Drivers/STM32F4xx_HAL_Driver/Src/stm32f4xx_ll_usb.o
                0x0000000008006150                USB_SetDevAddress
 .text.USB_DevConnect
                0x000000000800619c       0x42 ./Drivers/STM32F4xx_HAL_Driver/Src/stm32f4xx_ll_usb.o
                0x000000000800619c                USB_DevConnect
 .text.USB_DevDisconnect
                0x00000000080061de       0x42 ./Drivers/STM32F4xx_HAL_Driver/Src/stm32f4xx_ll_usb.o
                0x00000000080061de                USB_DevDisconnect
 .text.USB_ReadInterrupts
                0x0000000008006220       0x26 ./Drivers/STM32F4xx_HAL_Driver/Src/stm32f4xx_ll_usb.o
                0x0000000008006220                USB_ReadInterrupts
 .text.USB_ReadDevAllOutEpInterrupt
                0x0000000008006246       0x34 ./Drivers/STM32F4xx_HAL_Driver/Src/stm32f4xx_ll_usb.o
                0x0000000008006246                USB_ReadDevAllOutEpInterrupt
 .text.USB_ReadDevAllInEpInterrupt
                0x000000000800627a       0x34 ./Drivers/STM32F4xx_HAL_Driver/Src/stm32f4xx_ll_usb.o
                0x000000000800627a                USB_ReadDevAllInEpInterrupt
 .text.USB_ReadDevOutEPInterrupt
                0x00000000080062ae       0x3c ./Drivers/STM32F4xx_HAL_Driver/Src/stm32f4xx_ll_usb.o
                0x00000000080062ae                USB_ReadDevOutEPInterrupt
 .text.USB_ReadDevInEPInterrupt
                0x00000000080062ea       0x5c ./Drivers/STM32F4xx_HAL_Driver/Src/stm32f4xx_ll_usb.o
                0x00000000080062ea                USB_ReadDevInEPInterrupt
 .text.USB_GetMode
                0x0000000008006346       0x1c ./Drivers/STM32F4xx_HAL_Driver/Src/stm32f4xx_ll_usb.o
                0x0000000008006346                USB_GetMode
 .text.USB_ActivateSetup
                0x0000000008006362       0x46 ./Drivers/STM32F4xx_HAL_Driver/Src/stm32f4xx_ll_usb.o
                0x0000000008006362                USB_ActivateSetup
 .text.USB_EP0_OutStart
                0x00000000080063a8       0xbc ./Drivers/STM32F4xx_HAL_Driver/Src/stm32f4xx_ll_usb.o
                0x00000000080063a8                USB_EP0_OutStart
 .text.USB_CoreReset
                0x0000000008006464       0x68 ./Drivers/STM32F4xx_HAL_Driver/Src/stm32f4xx_ll_usb.o
 .text.USBD_CDC_Init
                0x00000000080064cc      0x1f0 ./Middlewares/ST/STM32_USB_Device_Library/Class/CDC/Src/usbd_cdc.o
 .text.USBD_CDC_DeInit
                0x00000000080066bc      0x104 ./Middlewares/ST/STM32_USB_Device_Library/Class/CDC/Src/usbd_cdc.o
 .text.USBD_CDC_Setup
                0x00000000080067c0      0x1b8 ./Middlewares/ST/STM32_USB_Device_Library/Class/CDC/Src/usbd_cdc.o
 .text.USBD_CDC_DataIn
                0x0000000008006978       0xfe ./Middlewares/ST/STM32_USB_Device_Library/Class/CDC/Src/usbd_cdc.o
 .text.USBD_CDC_DataOut
                0x0000000008006a76       0x70 ./Middlewares/ST/STM32_USB_Device_Library/Class/CDC/Src/usbd_cdc.o
 .text.USBD_CDC_EP0_RxReady
                0x0000000008006ae6       0x76 ./Middlewares/ST/STM32_USB_Device_Library/Class/CDC/Src/usbd_cdc.o
 .text.USBD_CDC_GetFSCfgDesc
                0x0000000008006b5c       0x70 ./Middlewares/ST/STM32_USB_Device_Library/Class/CDC/Src/usbd_cdc.o
 .text.USBD_CDC_GetHSCfgDesc
                0x0000000008006bcc       0x70 ./Middlewares/ST/STM32_USB_Device_Library/Class/CDC/Src/usbd_cdc.o
 .text.USBD_CDC_GetOtherSpeedCfgDesc
                0x0000000008006c3c       0x70 ./Middlewares/ST/STM32_USB_Device_Library/Class/CDC/Src/usbd_cdc.o
 .text.USBD_CDC_GetDeviceQualifierDescriptor
                0x0000000008006cac       0x20 ./Middlewares/ST/STM32_USB_Device_Library/Class/CDC/Src/usbd_cdc.o
                0x0000000008006cac                USBD_CDC_GetDeviceQualifierDescriptor
 .text.USBD_CDC_RegisterInterface
                0x0000000008006ccc       0x34 ./Middlewares/ST/STM32_USB_Device_Library/Class/CDC/Src/usbd_cdc.o
                0x0000000008006ccc                USBD_CDC_RegisterInterface
 .text.USBD_CDC_SetTxBuffer
                0x0000000008006d00       0x44 ./Middlewares/ST/STM32_USB_Device_Library/Class/CDC/Src/usbd_cdc.o
                0x0000000008006d00                USBD_CDC_SetTxBuffer
 .text.USBD_CDC_SetRxBuffer
                0x0000000008006d44       0x3a ./Middlewares/ST/STM32_USB_Device_Library/Class/CDC/Src/usbd_cdc.o
                0x0000000008006d44                USBD_CDC_SetRxBuffer
 *fill*         0x0000000008006d7e        0x2 
 .text.USBD_CDC_ReceivePacket
                0x0000000008006d80       0x6c ./Middlewares/ST/STM32_USB_Device_Library/Class/CDC/Src/usbd_cdc.o
                0x0000000008006d80                USBD_CDC_ReceivePacket
 .text.USBD_Init
                0x0000000008006dec       0x60 ./Middlewares/ST/STM32_USB_Device_Library/Core/Src/usbd_core.o
                0x0000000008006dec                USBD_Init
 .text.USBD_RegisterClass
                0x0000000008006e4c       0x6c ./Middlewares/ST/STM32_USB_Device_Library/Core/Src/usbd_core.o
                0x0000000008006e4c                USBD_RegisterClass
 .text.USBD_Start
                0x0000000008006eb8       0x18 ./Middlewares/ST/STM32_USB_Device_Library/Core/Src/usbd_core.o
                0x0000000008006eb8                USBD_Start
 .text.USBD_RunTestMode
                0x0000000008006ed0       0x16 ./Middlewares/ST/STM32_USB_Device_Library/Core/Src/usbd_core.o
                0x0000000008006ed0                USBD_RunTestMode
 .text.USBD_SetClassConfig
                0x0000000008006ee6       0x38 ./Middlewares/ST/STM32_USB_Device_Library/Core/Src/usbd_core.o
                0x0000000008006ee6                USBD_SetClassConfig
 .text.USBD_ClrClassConfig
                0x0000000008006f1e       0x34 ./Middlewares/ST/STM32_USB_Device_Library/Core/Src/usbd_core.o
                0x0000000008006f1e                USBD_ClrClassConfig
 .text.USBD_LL_SetupStage
                0x0000000008006f52       0xaa ./Middlewares/ST/STM32_USB_Device_Library/Core/Src/usbd_core.o
                0x0000000008006f52                USBD_LL_SetupStage
 .text.USBD_LL_DataOutStage
                0x0000000008006ffc      0x166 ./Middlewares/ST/STM32_USB_Device_Library/Core/Src/usbd_core.o
                0x0000000008006ffc                USBD_LL_DataOutStage
 .text.USBD_LL_DataInStage
                0x0000000008007162      0x164 ./Middlewares/ST/STM32_USB_Device_Library/Core/Src/usbd_core.o
                0x0000000008007162                USBD_LL_DataInStage
 .text.USBD_LL_Reset
                0x00000000080072c6       0xa4 ./Middlewares/ST/STM32_USB_Device_Library/Core/Src/usbd_core.o
                0x00000000080072c6                USBD_LL_Reset
 .text.USBD_LL_SetSpeed
                0x000000000800736a       0x20 ./Middlewares/ST/STM32_USB_Device_Library/Core/Src/usbd_core.o
                0x000000000800736a                USBD_LL_SetSpeed
 .text.USBD_LL_Suspend
                0x000000000800738a       0x2c ./Middlewares/ST/STM32_USB_Device_Library/Core/Src/usbd_core.o
                0x000000000800738a                USBD_LL_Suspend
 .text.USBD_LL_Resume
                0x00000000080073b6       0x30 ./Middlewares/ST/STM32_USB_Device_Library/Core/Src/usbd_core.o
                0x00000000080073b6                USBD_LL_Resume
 .text.USBD_LL_SOF
                0x00000000080073e6       0x40 ./Middlewares/ST/STM32_USB_Device_Library/Core/Src/usbd_core.o
                0x00000000080073e6                USBD_LL_SOF
 .text.USBD_LL_IsoINIncomplete
                0x0000000008007426       0x64 ./Middlewares/ST/STM32_USB_Device_Library/Core/Src/usbd_core.o
                0x0000000008007426                USBD_LL_IsoINIncomplete
 .text.USBD_LL_IsoOUTIncomplete
                0x000000000800748a       0x64 ./Middlewares/ST/STM32_USB_Device_Library/Core/Src/usbd_core.o
                0x000000000800748a                USBD_LL_IsoOUTIncomplete
 .text.USBD_LL_DevConnected
                0x00000000080074ee       0x16 ./Middlewares/ST/STM32_USB_Device_Library/Core/Src/usbd_core.o
                0x00000000080074ee                USBD_LL_DevConnected
 .text.USBD_LL_DevDisconnected
                0x0000000008007504       0x46 ./Middlewares/ST/STM32_USB_Device_Library/Core/Src/usbd_core.o
                0x0000000008007504                USBD_LL_DevDisconnected
 .text.USBD_CoreFindIF
                0x000000000800754a       0x1a ./Middlewares/ST/STM32_USB_Device_Library/Core/Src/usbd_core.o
                0x000000000800754a                USBD_CoreFindIF
 .text.USBD_CoreFindEP
                0x0000000008007564       0x1a ./Middlewares/ST/STM32_USB_Device_Library/Core/Src/usbd_core.o
                0x0000000008007564                USBD_CoreFindEP
 .text.USBD_GetEpDesc
                0x000000000800757e       0x74 ./Middlewares/ST/STM32_USB_Device_Library/Core/Src/usbd_core.o
                0x000000000800757e                USBD_GetEpDesc
 .text.USBD_GetNextDesc
                0x00000000080075f2       0x3a ./Middlewares/ST/STM32_USB_Device_Library/Core/Src/usbd_core.o
                0x00000000080075f2                USBD_GetNextDesc
 .text.SWAPBYTE
                0x000000000800762c       0x3c ./Middlewares/ST/STM32_USB_Device_Library/Core/Src/usbd_ctlreq.o
 .text.USBD_StdDevReq
                0x0000000008007668       0xe4 ./Middlewares/ST/STM32_USB_Device_Library/Core/Src/usbd_ctlreq.o
                0x0000000008007668                USBD_StdDevReq
 .text.USBD_StdItfReq
                0x000000000800774c       0xd8 ./Middlewares/ST/STM32_USB_Device_Library/Core/Src/usbd_ctlreq.o
                0x000000000800774c                USBD_StdItfReq
 .text.USBD_StdEPReq
                0x0000000008007824      0x33a ./Middlewares/ST/STM32_USB_Device_Library/Core/Src/usbd_ctlreq.o
                0x0000000008007824                USBD_StdEPReq
 *fill*         0x0000000008007b5e        0x2 
 .text.USBD_GetDescriptor
                0x0000000008007b60      0x328 ./Middlewares/ST/STM32_USB_Device_Library/Core/Src/usbd_ctlreq.o
 .text.USBD_SetAddress
                0x0000000008007e88       0x88 ./Middlewares/ST/STM32_USB_Device_Library/Core/Src/usbd_ctlreq.o
 .text.USBD_SetConfig
                0x0000000008007f10      0x154 ./Middlewares/ST/STM32_USB_Device_Library/Core/Src/usbd_ctlreq.o
 .text.USBD_GetConfig
                0x0000000008008064       0x6c ./Middlewares/ST/STM32_USB_Device_Library/Core/Src/usbd_ctlreq.o
 .text.USBD_GetStatus
                0x00000000080080d0       0x68 ./Middlewares/ST/STM32_USB_Device_Library/Core/Src/usbd_ctlreq.o
 .text.USBD_SetFeature
                0x0000000008008138       0x52 ./Middlewares/ST/STM32_USB_Device_Library/Core/Src/usbd_ctlreq.o
 .text.USBD_ClrFeature
                0x000000000800818a       0x44 ./Middlewares/ST/STM32_USB_Device_Library/Core/Src/usbd_ctlreq.o
 .text.USBD_ParseSetupRequest
                0x00000000080081ce       0x74 ./Middlewares/ST/STM32_USB_Device_Library/Core/Src/usbd_ctlreq.o
                0x00000000080081ce                USBD_ParseSetupRequest
 .text.USBD_CtlError
                0x0000000008008242       0x22 ./Middlewares/ST/STM32_USB_Device_Library/Core/Src/usbd_ctlreq.o
                0x0000000008008242                USBD_CtlError
 .text.USBD_GetString
                0x0000000008008264       0x8c ./Middlewares/ST/STM32_USB_Device_Library/Core/Src/usbd_ctlreq.o
                0x0000000008008264                USBD_GetString
 .text.USBD_GetLen
                0x00000000080082f0       0x34 ./Middlewares/ST/STM32_USB_Device_Library/Core/Src/usbd_ctlreq.o
 .text.USBD_CtlSendData
                0x0000000008008324       0x36 ./Middlewares/ST/STM32_USB_Device_Library/Core/Src/usbd_ioreq.o
                0x0000000008008324                USBD_CtlSendData
 .text.USBD_CtlContinueSendData
                0x000000000800835a       0x22 ./Middlewares/ST/STM32_USB_Device_Library/Core/Src/usbd_ioreq.o
                0x000000000800835a                USBD_CtlContinueSendData
 .text.USBD_CtlPrepareRx
                0x000000000800837c       0x3a ./Middlewares/ST/STM32_USB_Device_Library/Core/Src/usbd_ioreq.o
                0x000000000800837c                USBD_CtlPrepareRx
 .text.USBD_CtlContinueRx
                0x00000000080083b6       0x22 ./Middlewares/ST/STM32_USB_Device_Library/Core/Src/usbd_ioreq.o
                0x00000000080083b6                USBD_CtlContinueRx
 .text.USBD_CtlSendStatus
                0x00000000080083d8       0x26 ./Middlewares/ST/STM32_USB_Device_Library/Core/Src/usbd_ioreq.o
                0x00000000080083d8                USBD_CtlSendStatus
 .text.USBD_CtlReceiveStatus
                0x00000000080083fe       0x26 ./Middlewares/ST/STM32_USB_Device_Library/Core/Src/usbd_ioreq.o
                0x00000000080083fe                USBD_CtlReceiveStatus
 .text.MX_USB_DEVICE_Init
                0x0000000008008424       0x60 ./USB_DEVICE/App/usb_device.o
                0x0000000008008424                MX_USB_DEVICE_Init
 .text.CDC_Init_FS
                0x0000000008008484       0x28 ./USB_DEVICE/App/usbd_cdc_if.o
 .text.CDC_DeInit_FS
                0x00000000080084ac       0x10 ./USB_DEVICE/App/usbd_cdc_if.o
 .text.CDC_Control_FS
                0x00000000080084bc       0xbc ./USB_DEVICE/App/usbd_cdc_if.o
 .text.CDC_Receive_FS
                0x0000000008008578       0x28 ./USB_DEVICE/App/usbd_cdc_if.o
 .text.CDC_TransmitCplt_FS
                0x00000000080085a0       0x22 ./USB_DEVICE/App/usbd_cdc_if.o
 *fill*         0x00000000080085c2        0x2 
 .text.USBD_FS_DeviceDescriptor
                0x00000000080085c4       0x24 ./USB_DEVICE/App/usbd_desc.o
                0x00000000080085c4                USBD_FS_DeviceDescriptor
 .text.USBD_FS_LangIDStrDescriptor
                0x00000000080085e8       0x24 ./USB_DEVICE/App/usbd_desc.o
                0x00000000080085e8                USBD_FS_LangIDStrDescriptor
 .text.USBD_FS_ProductStrDescriptor
                0x000000000800860c       0x3c ./USB_DEVICE/App/usbd_desc.o
                0x000000000800860c                USBD_FS_ProductStrDescriptor
 .text.USBD_FS_ManufacturerStrDescriptor
                0x0000000008008648       0x28 ./USB_DEVICE/App/usbd_desc.o
                0x0000000008008648                USBD_FS_ManufacturerStrDescriptor
 .text.USBD_FS_SerialStrDescriptor
                0x0000000008008670       0x24 ./USB_DEVICE/App/usbd_desc.o
                0x0000000008008670                USBD_FS_SerialStrDescriptor
 .text.USBD_FS_ConfigStrDescriptor
                0x0000000008008694       0x3c ./USB_DEVICE/App/usbd_desc.o
                0x0000000008008694                USBD_FS_ConfigStrDescriptor
 .text.USBD_FS_InterfaceStrDescriptor
                0x00000000080086d0       0x3c ./USB_DEVICE/App/usbd_desc.o
                0x00000000080086d0                USBD_FS_InterfaceStrDescriptor
 .text.USBD_FS_USR_BOSDescriptor
                0x000000000800870c       0x24 ./USB_DEVICE/App/usbd_desc.o
                0x000000000800870c                USBD_FS_USR_BOSDescriptor
 .text.Get_SerialNum
                0x0000000008008730       0x58 ./USB_DEVICE/App/usbd_desc.o
 .text.IntToUnicode
                0x0000000008008788       0x7e ./USB_DEVICE/App/usbd_desc.o
 *fill*         0x0000000008008806        0x2 
 .text.HAL_PCD_MspInit
                0x0000000008008808       0xd4 ./USB_DEVICE/Target/usbd_conf.o
                0x0000000008008808                HAL_PCD_MspInit
 .text.HAL_PCD_SetupStageCallback
                0x00000000080088dc       0x24 ./USB_DEVICE/Target/usbd_conf.o
                0x00000000080088dc                HAL_PCD_SetupStageCallback
 .text.HAL_PCD_DataOutStageCallback
                0x0000000008008900       0x36 ./USB_DEVICE/Target/usbd_conf.o
                0x0000000008008900                HAL_PCD_DataOutStageCallback
 .text.HAL_PCD_DataInStageCallback
                0x0000000008008936       0x34 ./USB_DEVICE/Target/usbd_conf.o
                0x0000000008008936                HAL_PCD_DataInStageCallback
 .text.HAL_PCD_SOFCallback
                0x000000000800896a       0x1c ./USB_DEVICE/Target/usbd_conf.o
                0x000000000800896a                HAL_PCD_SOFCallback
 .text.HAL_PCD_ResetCallback
                0x0000000008008986       0x50 ./USB_DEVICE/Target/usbd_conf.o
                0x0000000008008986                HAL_PCD_ResetCallback
 *fill*         0x00000000080089d6        0x2 
 .text.HAL_PCD_SuspendCallback
                0x00000000080089d8       0x4c ./USB_DEVICE/Target/usbd_conf.o
                0x00000000080089d8                HAL_PCD_SuspendCallback
 .text.HAL_PCD_ResumeCallback
                0x0000000008008a24       0x1c ./USB_DEVICE/Target/usbd_conf.o
                0x0000000008008a24                HAL_PCD_ResumeCallback
 .text.HAL_PCD_ISOOUTIncompleteCallback
                0x0000000008008a40       0x24 ./USB_DEVICE/Target/usbd_conf.o
                0x0000000008008a40                HAL_PCD_ISOOUTIncompleteCallback
 .text.HAL_PCD_ISOINIncompleteCallback
                0x0000000008008a64       0x24 ./USB_DEVICE/Target/usbd_conf.o
                0x0000000008008a64                HAL_PCD_ISOINIncompleteCallback
 .text.HAL_PCD_ConnectCallback
                0x0000000008008a88       0x1c ./USB_DEVICE/Target/usbd_conf.o
                0x0000000008008a88                HAL_PCD_ConnectCallback
 .text.HAL_PCD_DisconnectCallback
                0x0000000008008aa4       0x1c ./USB_DEVICE/Target/usbd_conf.o
                0x0000000008008aa4                HAL_PCD_DisconnectCallback
 .text.USBD_LL_Init
                0x0000000008008ac0       0x98 ./USB_DEVICE/Target/usbd_conf.o
                0x0000000008008ac0                USBD_LL_Init
 .text.USBD_LL_Start
                0x0000000008008b58       0x36 ./USB_DEVICE/Target/usbd_conf.o
                0x0000000008008b58                USBD_LL_Start
 .text.USBD_LL_OpenEP
                0x0000000008008b8e       0x4c ./USB_DEVICE/Target/usbd_conf.o
                0x0000000008008b8e                USBD_LL_OpenEP
 .text.USBD_LL_CloseEP
                0x0000000008008bda       0x3e ./USB_DEVICE/Target/usbd_conf.o
                0x0000000008008bda                USBD_LL_CloseEP
 .text.USBD_LL_StallEP
                0x0000000008008c18       0x3e ./USB_DEVICE/Target/usbd_conf.o
                0x0000000008008c18                USBD_LL_StallEP
 .text.USBD_LL_ClearStallEP
                0x0000000008008c56       0x3e ./USB_DEVICE/Target/usbd_conf.o
                0x0000000008008c56                USBD_LL_ClearStallEP
 .text.USBD_LL_IsStallEP
                0x0000000008008c94       0x58 ./USB_DEVICE/Target/usbd_conf.o
                0x0000000008008c94                USBD_LL_IsStallEP
 .text.USBD_LL_SetUSBAddress
                0x0000000008008cec       0x3e ./USB_DEVICE/Target/usbd_conf.o
                0x0000000008008cec                USBD_LL_SetUSBAddress
 .text.USBD_LL_Transmit
                0x0000000008008d2a       0x42 ./USB_DEVICE/Target/usbd_conf.o
                0x0000000008008d2a                USBD_LL_Transmit
 .text.USBD_LL_PrepareReceive
                0x0000000008008d6c       0x42 ./USB_DEVICE/Target/usbd_conf.o
                0x0000000008008d6c                USBD_LL_PrepareReceive
 .text.USBD_LL_GetRxDataSize
                0x0000000008008dae       0x26 ./USB_DEVICE/Target/usbd_conf.o
                0x0000000008008dae                USBD_LL_GetRxDataSize
 .text.HAL_PCDEx_LPM_Callback
                0x0000000008008dd4       0x9c ./USB_DEVICE/Target/usbd_conf.o
                0x0000000008008dd4                HAL_PCDEx_LPM_Callback
 .text.USBD_static_malloc
                0x0000000008008e70       0x1c ./USB_DEVICE/Target/usbd_conf.o
                0x0000000008008e70                USBD_static_malloc
 .text.USBD_static_free
                0x0000000008008e8c       0x14 ./USB_DEVICE/Target/usbd_conf.o
                0x0000000008008e8c                USBD_static_free
 .text.USBD_Get_USB_Status
                0x0000000008008ea0       0x58 ./USB_DEVICE/Target/usbd_conf.o
                0x0000000008008ea0                USBD_Get_USB_Status
 .text.__libc_init_array
                0x0000000008008ef8       0x48 c:/st/stm32cubeide_1.12.1/stm32cubeide/plugins/com.st.stm32cube.ide.mcu.externaltools.gnu-tools-for-stm32.10.3-2021.10.win32_1.0.200.202301161003/tools/bin/../lib/gcc/arm-none-eabi/10.3.1/../../../../arm-none-eabi/lib/thumb/v7e-m+fp/hard\libc_nano.a(lib_a-init.o)
                0x0000000008008ef8                __libc_init_array
 .text.memset   0x0000000008008f40       0x10 c:/st/stm32cubeide_1.12.1/stm32cubeide/plugins/com.st.stm32cube.ide.mcu.externaltools.gnu-tools-for-stm32.10.3-2021.10.win32_1.0.200.202301161003/tools/bin/../lib/gcc/arm-none-eabi/10.3.1/../../../../arm-none-eabi/lib/thumb/v7e-m+fp/hard\libc_nano.a(lib_a-memset.o)
                0x0000000008008f40                memset
 *(.glue_7)
 .glue_7        0x0000000008008f50        0x0 linker stubs
 *(.glue_7t)
 .glue_7t       0x0000000008008f50        0x0 linker stubs
 *(.eh_frame)
 .eh_frame      0x0000000008008f50        0x0 c:/st/stm32cubeide_1.12.1/stm32cubeide/plugins/com.st.stm32cube.ide.mcu.externaltools.gnu-tools-for-stm32.10.3-2021.10.win32_1.0.200.202301161003/tools/bin/../lib/gcc/arm-none-eabi/10.3.1/thumb/v7e-m+fp/hard/crtbegin.o
 *(.init)
 .init          0x0000000008008f50        0x4 c:/st/stm32cubeide_1.12.1/stm32cubeide/plugins/com.st.stm32cube.ide.mcu.externaltools.gnu-tools-for-stm32.10.3-2021.10.win32_1.0.200.202301161003/tools/bin/../lib/gcc/arm-none-eabi/10.3.1/thumb/v7e-m+fp/hard/crti.o
                0x0000000008008f50                _init
 .init          0x0000000008008f54        0x8 c:/st/stm32cubeide_1.12.1/stm32cubeide/plugins/com.st.stm32cube.ide.mcu.externaltools.gnu-tools-for-stm32.10.3-2021.10.win32_1.0.200.202301161003/tools/bin/../lib/gcc/arm-none-eabi/10.3.1/thumb/v7e-m+fp/hard/crtn.o
 *(.fini)
 .fini          0x0000000008008f5c        0x4 c:/st/stm32cubeide_1.12.1/stm32cubeide/plugins/com.st.stm32cube.ide.mcu.externaltools.gnu-tools-for-stm32.10.3-2021.10.win32_1.0.200.202301161003/tools/bin/../lib/gcc/arm-none-eabi/10.3.1/thumb/v7e-m+fp/hard/crti.o
                0x0000000008008f5c                _fini
 .fini          0x0000000008008f60        0x8 c:/st/stm32cubeide_1.12.1/stm32cubeide/plugins/com.st.stm32cube.ide.mcu.externaltools.gnu-tools-for-stm32.10.3-2021.10.win32_1.0.200.202301161003/tools/bin/../lib/gcc/arm-none-eabi/10.3.1/thumb/v7e-m+fp/hard/crtn.o
                0x0000000008008f68                . = ALIGN (0x4)
                0x0000000008008f68                _etext = .

.vfp11_veneer   0x0000000008008f68        0x0
 .vfp11_veneer  0x0000000008008f68        0x0 linker stubs

.v4_bx          0x0000000008008f68        0x0
 .v4_bx         0x0000000008008f68        0x0 linker stubs

.iplt           0x0000000008008f68        0x0
 .iplt          0x0000000008008f68        0x0 c:/st/stm32cubeide_1.12.1/stm32cubeide/plugins/com.st.stm32cube.ide.mcu.externaltools.gnu-tools-for-stm32.10.3-2021.10.win32_1.0.200.202301161003/tools/bin/../lib/gcc/arm-none-eabi/10.3.1/thumb/v7e-m+fp/hard/crtbegin.o

.rodata         0x0000000008008f68       0x60
                0x0000000008008f68                . = ALIGN (0x4)
 *(.rodata)
 .rodata        0x0000000008008f68       0x46 ./USB_DEVICE/App/usbd_desc.o
 *(.rodata*)
 *fill*         0x0000000008008fae        0x2 
 .rodata.AHBPrescTable
                0x0000000008008fb0       0x10 ./Core/Src/system_stm32f4xx.o
                0x0000000008008fb0                AHBPrescTable
 .rodata.APBPrescTable
                0x0000000008008fc0        0x8 ./Core/Src/system_stm32f4xx.o
                0x0000000008008fc0                APBPrescTable
                0x0000000008008fc8                . = ALIGN (0x4)

.ARM.extab      0x0000000008008fc8        0x0
                0x0000000008008fc8                . = ALIGN (0x4)
 *(.ARM.extab* .gnu.linkonce.armextab.*)
                0x0000000008008fc8                . = ALIGN (0x4)

.ARM            0x0000000008008fc8        0x8
                0x0000000008008fc8                . = ALIGN (0x4)
                0x0000000008008fc8                __exidx_start = .
 *(.ARM.exidx*)
 .ARM.exidx     0x0000000008008fc8        0x8 c:/st/stm32cubeide_1.12.1/stm32cubeide/plugins/com.st.stm32cube.ide.mcu.externaltools.gnu-tools-for-stm32.10.3-2021.10.win32_1.0.200.202301161003/tools/bin/../lib/gcc/arm-none-eabi/10.3.1/thumb/v7e-m+fp/hard\libgcc.a(_udivmoddi4.o)
                0x0000000008008fd0                __exidx_end = .
                0x0000000008008fd0                . = ALIGN (0x4)

.rel.dyn        0x0000000008008fd0        0x0
 .rel.iplt      0x0000000008008fd0        0x0 c:/st/stm32cubeide_1.12.1/stm32cubeide/plugins/com.st.stm32cube.ide.mcu.externaltools.gnu-tools-for-stm32.10.3-2021.10.win32_1.0.200.202301161003/tools/bin/../lib/gcc/arm-none-eabi/10.3.1/thumb/v7e-m+fp/hard/crtbegin.o

.preinit_array  0x0000000008008fd0        0x0
                0x0000000008008fd0                . = ALIGN (0x4)
                0x0000000008008fd0                PROVIDE (__preinit_array_start = .)
 *(.preinit_array*)
                0x0000000008008fd0                PROVIDE (__preinit_array_end = .)
                0x0000000008008fd0                . = ALIGN (0x4)

.init_array     0x0000000008008fd0        0x4
                0x0000000008008fd0                . = ALIGN (0x4)
                0x0000000008008fd0                PROVIDE (__init_array_start = .)
 *(SORT_BY_NAME(.init_array.*))
 *(.init_array*)
 .init_array    0x0000000008008fd0        0x4 c:/st/stm32cubeide_1.12.1/stm32cubeide/plugins/com.st.stm32cube.ide.mcu.externaltools.gnu-tools-for-stm32.10.3-2021.10.win32_1.0.200.202301161003/tools/bin/../lib/gcc/arm-none-eabi/10.3.1/thumb/v7e-m+fp/hard/crtbegin.o
                0x0000000008008fd4                PROVIDE (__init_array_end = .)
                0x0000000008008fd4                . = ALIGN (0x4)

.fini_array     0x0000000008008fd4        0x4
                0x0000000008008fd4                . = ALIGN (0x4)
                [!provide]                        PROVIDE (__fini_array_start = .)
 *(SORT_BY_NAME(.fini_array.*))
 *(.fini_array*)
 .fini_array    0x0000000008008fd4        0x4 c:/st/stm32cubeide_1.12.1/stm32cubeide/plugins/com.st.stm32cube.ide.mcu.externaltools.gnu-tools-for-stm32.10.3-2021.10.win32_1.0.200.202301161003/tools/bin/../lib/gcc/arm-none-eabi/10.3.1/thumb/v7e-m+fp/hard/crtbegin.o
                [!provide]                        PROVIDE (__fini_array_end = .)
                0x0000000008008fd8                . = ALIGN (0x4)
                0x0000000008008fd8                _sidata = LOADADDR (.data)

.data           0x0000000020000000      0x10c load address 0x0000000008008fd8
                0x0000000020000000                . = ALIGN (0x4)
                0x0000000020000000                _sdata = .
 *(.data)
 *(.data*)
 .data.SystemCoreClock
                0x0000000020000000        0x4 ./Core/Src/system_stm32f4xx.o
                0x0000000020000000                SystemCoreClock
 .data.uwTickPrio
                0x0000000020000004        0x4 ./Drivers/STM32F4xx_HAL_Driver/Src/stm32f4xx_hal.o
                0x0000000020000004                uwTickPrio
 .data.uwTickFreq
                0x0000000020000008        0x1 ./Drivers/STM32F4xx_HAL_Driver/Src/stm32f4xx_hal.o
                0x0000000020000008                uwTickFreq
 *fill*         0x0000000020000009        0x3 
 .data.USBD_CDC_DeviceQualifierDesc
                0x000000002000000c        0xa ./Middlewares/ST/STM32_USB_Device_Library/Class/CDC/Src/usbd_cdc.o
 *fill*         0x0000000020000016        0x2 
 .data.USBD_CDC
                0x0000000020000018       0x38 ./Middlewares/ST/STM32_USB_Device_Library/Class/CDC/Src/usbd_cdc.o
                0x0000000020000018                USBD_CDC
 .data.USBD_CDC_CfgDesc
                0x0000000020000050       0x43 ./Middlewares/ST/STM32_USB_Device_Library/Class/CDC/Src/usbd_cdc.o
 .data.CDCInEpAdd
                0x0000000020000093        0x1 ./Middlewares/ST/STM32_USB_Device_Library/Class/CDC/Src/usbd_cdc.o
 .data.CDCOutEpAdd
                0x0000000020000094        0x1 ./Middlewares/ST/STM32_USB_Device_Library/Class/CDC/Src/usbd_cdc.o
 .data.CDCCmdEpAdd
                0x0000000020000095        0x1 ./Middlewares/ST/STM32_USB_Device_Library/Class/CDC/Src/usbd_cdc.o
 *fill*         0x0000000020000096        0x2 
 .data.USBD_Interface_fops_FS
                0x0000000020000098       0x14 ./USB_DEVICE/App/usbd_cdc_if.o
                0x0000000020000098                USBD_Interface_fops_FS
 .data.FS_Desc  0x00000000200000ac       0x20 ./USB_DEVICE/App/usbd_desc.o
                0x00000000200000ac                FS_Desc
 .data.USBD_FS_DeviceDesc
                0x00000000200000cc       0x12 ./USB_DEVICE/App/usbd_desc.o
                0x00000000200000cc                USBD_FS_DeviceDesc
 *fill*         0x00000000200000de        0x2 
 .data.USBD_FS_BOSDesc
                0x00000000200000e0        0xc ./USB_DEVICE/App/usbd_desc.o
                0x00000000200000e0                USBD_FS_BOSDesc
 .data.USBD_LangIDDesc
                0x00000000200000ec        0x4 ./USB_DEVICE/App/usbd_desc.o
                0x00000000200000ec                USBD_LangIDDesc
 .data.USBD_StringSerial
                0x00000000200000f0       0x1a ./USB_DEVICE/App/usbd_desc.o
                0x00000000200000f0                USBD_StringSerial
 *(.RamFunc)
 *(.RamFunc*)
                0x000000002000010c                . = ALIGN (0x4)
 *fill*         0x000000002000010a        0x2 
                0x000000002000010c                _edata = .

.igot.plt       0x000000002000010c        0x0 load address 0x00000000080090e4
 .igot.plt      0x000000002000010c        0x0 c:/st/stm32cubeide_1.12.1/stm32cubeide/plugins/com.st.stm32cube.ide.mcu.externaltools.gnu-tools-for-stm32.10.3-2021.10.win32_1.0.200.202301161003/tools/bin/../lib/gcc/arm-none-eabi/10.3.1/thumb/v7e-m+fp/hard/crtbegin.o
                0x000000002000010c                . = ALIGN (0x4)

.bss            0x000000002000010c     0x1db0 load address 0x00000000080090e4
                0x000000002000010c                _sbss = .
                0x000000002000010c                __bss_start__ = _sbss
 *(.bss)
 .bss           0x000000002000010c       0x1c c:/st/stm32cubeide_1.12.1/stm32cubeide/plugins/com.st.stm32cube.ide.mcu.externaltools.gnu-tools-for-stm32.10.3-2021.10.win32_1.0.200.202301161003/tools/bin/../lib/gcc/arm-none-eabi/10.3.1/thumb/v7e-m+fp/hard/crtbegin.o
 *(.bss*)
 .bss.hadc1     0x0000000020000128       0x48 ./Core/Src/main.o
                0x0000000020000128                hadc1
 .bss.hi2c1     0x0000000020000170       0x54 ./Core/Src/main.o
                0x0000000020000170                hi2c1
 .bss.hqspi     0x00000000200001c4       0x4c ./Core/Src/main.o
                0x00000000200001c4                hqspi
 .bss.hspi1     0x0000000020000210       0x58 ./Core/Src/main.o
                0x0000000020000210                hspi1
 .bss.huart5    0x0000000020000268       0x44 ./Core/Src/main.o
                0x0000000020000268                huart5
 .bss.uwTick    0x00000000200002ac        0x4 ./Drivers/STM32F4xx_HAL_Driver/Src/stm32f4xx_hal.o
                0x00000000200002ac                uwTick
 .bss.cfgidx.0  0x00000000200002b0        0x1 ./Middlewares/ST/STM32_USB_Device_Library/Core/Src/usbd_ctlreq.o
 *fill*         0x00000000200002b1        0x3 
 .bss.hUsbDeviceFS
                0x00000000200002b4      0x2dc ./USB_DEVICE/App/usb_device.o
                0x00000000200002b4                hUsbDeviceFS
 .bss.UserRxBufferFS
                0x0000000020000590      0x800 ./USB_DEVICE/App/usbd_cdc_if.o
                0x0000000020000590                UserRxBufferFS
 .bss.UserTxBufferFS
                0x0000000020000d90      0x800 ./USB_DEVICE/App/usbd_cdc_if.o
                0x0000000020000d90                UserTxBufferFS
 .bss.USBD_StrDesc
                0x0000000020001590      0x200 ./USB_DEVICE/App/usbd_desc.o
                0x0000000020001590                USBD_StrDesc
 .bss.hpcd_USB_OTG_FS
                0x0000000020001790      0x50c ./USB_DEVICE/Target/usbd_conf.o
                0x0000000020001790                hpcd_USB_OTG_FS
 .bss.mem.0     0x0000000020001c9c      0x220 ./USB_DEVICE/Target/usbd_conf.o
 *(COMMON)
                0x0000000020001ebc                . = ALIGN (0x4)
                0x0000000020001ebc                _ebss = .
                0x0000000020001ebc                __bss_end__ = _ebss

._user_heap_stack
                0x0000000020001ebc      0x604 load address 0x00000000080090e4
                0x0000000020001ec0                . = ALIGN (0x8)
 *fill*         0x0000000020001ebc        0x4 
                [!provide]                        PROVIDE (end = .)
                0x0000000020001ec0                PROVIDE (_end = .)
                0x00000000200020c0                . = (. + _Min_Heap_Size)
 *fill*         0x0000000020001ec0      0x200 
                0x00000000200024c0                . = (. + _Min_Stack_Size)
 *fill*         0x00000000200020c0      0x400 
                0x00000000200024c0                . = ALIGN (0x8)

/DISCARD/
 libc.a(*)
 libm.a(*)
 libgcc.a(*)

.ARM.attributes
                0x0000000000000000       0x30
 *(.ARM.attributes)
 .ARM.attributes
                0x0000000000000000       0x1e c:/st/stm32cubeide_1.12.1/stm32cubeide/plugins/com.st.stm32cube.ide.mcu.externaltools.gnu-tools-for-stm32.10.3-2021.10.win32_1.0.200.202301161003/tools/bin/../lib/gcc/arm-none-eabi/10.3.1/thumb/v7e-m+fp/hard/crti.o
 .ARM.attributes
                0x000000000000001e       0x34 c:/st/stm32cubeide_1.12.1/stm32cubeide/plugins/com.st.stm32cube.ide.mcu.externaltools.gnu-tools-for-stm32.10.3-2021.10.win32_1.0.200.202301161003/tools/bin/../lib/gcc/arm-none-eabi/10.3.1/thumb/v7e-m+fp/hard/crtbegin.o
 .ARM.attributes
                0x0000000000000052       0x34 ./Core/Src/main.o
 .ARM.attributes
                0x0000000000000086       0x34 ./Core/Src/stm32f4xx_hal_msp.o
 .ARM.attributes
                0x00000000000000ba       0x34 ./Core/Src/stm32f4xx_it.o
 .ARM.attributes
                0x00000000000000ee       0x34 ./Core/Src/system_stm32f4xx.o
 .ARM.attributes
                0x0000000000000122       0x21 ./Core/Startup/startup_stm32f446retx.o
 .ARM.attributes
                0x0000000000000143       0x34 ./Drivers/STM32F4xx_HAL_Driver/Src/stm32f4xx_hal.o
 .ARM.attributes
                0x0000000000000177       0x34 ./Drivers/STM32F4xx_HAL_Driver/Src/stm32f4xx_hal_adc.o
 .ARM.attributes
                0x00000000000001ab       0x34 ./Drivers/STM32F4xx_HAL_Driver/Src/stm32f4xx_hal_cortex.o
 .ARM.attributes
                0x00000000000001df       0x34 ./Drivers/STM32F4xx_HAL_Driver/Src/stm32f4xx_hal_gpio.o
 .ARM.attributes
                0x0000000000000213       0x34 ./Drivers/STM32F4xx_HAL_Driver/Src/stm32f4xx_hal_i2c.o
 .ARM.attributes
                0x0000000000000247       0x34 ./Drivers/STM32F4xx_HAL_Driver/Src/stm32f4xx_hal_pcd.o
 .ARM.attributes
                0x000000000000027b       0x34 ./Drivers/STM32F4xx_HAL_Driver/Src/stm32f4xx_hal_pcd_ex.o
 .ARM.attributes
                0x00000000000002af       0x34 ./Drivers/STM32F4xx_HAL_Driver/Src/stm32f4xx_hal_qspi.o
 .ARM.attributes
                0x00000000000002e3       0x34 ./Drivers/STM32F4xx_HAL_Driver/Src/stm32f4xx_hal_rcc.o
 .ARM.attributes
                0x0000000000000317       0x34 ./Drivers/STM32F4xx_HAL_Driver/Src/stm32f4xx_hal_rcc_ex.o
 .ARM.attributes
                0x000000000000034b       0x34 ./Drivers/STM32F4xx_HAL_Driver/Src/stm32f4xx_hal_spi.o
 .ARM.attributes
                0x000000000000037f       0x34 ./Drivers/STM32F4xx_HAL_Driver/Src/stm32f4xx_hal_uart.o
 .ARM.attributes
                0x00000000000003b3       0x34 ./Drivers/STM32F4xx_HAL_Driver/Src/stm32f4xx_ll_usb.o
 .ARM.attributes
                0x00000000000003e7       0x34 ./Middlewares/ST/STM32_USB_Device_Library/Class/CDC/Src/usbd_cdc.o
 .ARM.attributes
                0x000000000000041b       0x34 ./Middlewares/ST/STM32_USB_Device_Library/Core/Src/usbd_core.o
 .ARM.attributes
                0x000000000000044f       0x34 ./Middlewares/ST/STM32_USB_Device_Library/Core/Src/usbd_ctlreq.o
 .ARM.attributes
                0x0000000000000483       0x34 ./Middlewares/ST/STM32_USB_Device_Library/Core/Src/usbd_ioreq.o
 .ARM.attributes
                0x00000000000004b7       0x34 ./USB_DEVICE/App/usb_device.o
 .ARM.attributes
                0x00000000000004eb       0x34 ./USB_DEVICE/App/usbd_cdc_if.o
 .ARM.attributes
                0x000000000000051f       0x34 ./USB_DEVICE/App/usbd_desc.o
 .ARM.attributes
                0x0000000000000553       0x34 ./USB_DEVICE/Target/usbd_conf.o
 .ARM.attributes
                0x0000000000000587       0x34 c:/st/stm32cubeide_1.12.1/stm32cubeide/plugins/com.st.stm32cube.ide.mcu.externaltools.gnu-tools-for-stm32.10.3-2021.10.win32_1.0.200.202301161003/tools/bin/../lib/gcc/arm-none-eabi/10.3.1/../../../../arm-none-eabi/lib/thumb/v7e-m+fp/hard\libc_nano.a(lib_a-init.o)
 .ARM.attributes
                0x00000000000005bb       0x34 c:/st/stm32cubeide_1.12.1/stm32cubeide/plugins/com.st.stm32cube.ide.mcu.externaltools.gnu-tools-for-stm32.10.3-2021.10.win32_1.0.200.202301161003/tools/bin/../lib/gcc/arm-none-eabi/10.3.1/../../../../arm-none-eabi/lib/thumb/v7e-m+fp/hard\libc_nano.a(lib_a-memset.o)
 .ARM.attributes
                0x00000000000005ef       0x1e c:/st/stm32cubeide_1.12.1/stm32cubeide/plugins/com.st.stm32cube.ide.mcu.externaltools.gnu-tools-for-stm32.10.3-2021.10.win32_1.0.200.202301161003/tools/bin/../lib/gcc/arm-none-eabi/10.3.1/thumb/v7e-m+fp/hard\libgcc.a(_aeabi_uldivmod.o)
 .ARM.attributes
                0x000000000000060d       0x34 c:/st/stm32cubeide_1.12.1/stm32cubeide/plugins/com.st.stm32cube.ide.mcu.externaltools.gnu-tools-for-stm32.10.3-2021.10.win32_1.0.200.202301161003/tools/bin/../lib/gcc/arm-none-eabi/10.3.1/thumb/v7e-m+fp/hard\libgcc.a(_udivmoddi4.o)
 .ARM.attributes
                0x0000000000000641       0x1e c:/st/stm32cubeide_1.12.1/stm32cubeide/plugins/com.st.stm32cube.ide.mcu.externaltools.gnu-tools-for-stm32.10.3-2021.10.win32_1.0.200.202301161003/tools/bin/../lib/gcc/arm-none-eabi/10.3.1/thumb/v7e-m+fp/hard\libgcc.a(_dvmd_tls.o)
 .ARM.attributes
                0x000000000000065f       0x1e c:/st/stm32cubeide_1.12.1/stm32cubeide/plugins/com.st.stm32cube.ide.mcu.externaltools.gnu-tools-for-stm32.10.3-2021.10.win32_1.0.200.202301161003/tools/bin/../lib/gcc/arm-none-eabi/10.3.1/thumb/v7e-m+fp/hard/crtn.o
OUTPUT(revision_1.elf elf32-littlearm)
LOAD linker stubs
LOAD c:/st/stm32cubeide_1.12.1/stm32cubeide/plugins/com.st.stm32cube.ide.mcu.externaltools.gnu-tools-for-stm32.10.3-2021.10.win32_1.0.200.202301161003/tools/bin/../lib/gcc/arm-none-eabi/10.3.1/../../../../arm-none-eabi/lib/thumb/v7e-m+fp/hard\libc.a
LOAD c:/st/stm32cubeide_1.12.1/stm32cubeide/plugins/com.st.stm32cube.ide.mcu.externaltools.gnu-tools-for-stm32.10.3-2021.10.win32_1.0.200.202301161003/tools/bin/../lib/gcc/arm-none-eabi/10.3.1/../../../../arm-none-eabi/lib/thumb/v7e-m+fp/hard\libm.a
LOAD c:/st/stm32cubeide_1.12.1/stm32cubeide/plugins/com.st.stm32cube.ide.mcu.externaltools.gnu-tools-for-stm32.10.3-2021.10.win32_1.0.200.202301161003/tools/bin/../lib/gcc/arm-none-eabi/10.3.1/thumb/v7e-m+fp/hard\libgcc.a

.debug_info     0x0000000000000000    0x1a3fa
 .debug_info    0x0000000000000000     0x1839 ./Core/Src/main.o
 .debug_info    0x0000000000001839     0x1651 ./Core/Src/stm32f4xx_hal_msp.o
 .debug_info    0x0000000000002e8a      0x6b4 ./Core/Src/stm32f4xx_it.o
 .debug_info    0x000000000000353e      0x55b ./Core/Src/system_stm32f4xx.o
 .debug_info    0x0000000000003a99       0x22 ./Core/Startup/startup_stm32f446retx.o
 .debug_info    0x0000000000003abb      0x9d2 ./Drivers/STM32F4xx_HAL_Driver/Src/stm32f4xx_hal.o
 .debug_info    0x000000000000448d      0xd70 ./Drivers/STM32F4xx_HAL_Driver/Src/stm32f4xx_hal_adc.o
 .debug_info    0x00000000000051fd      0xe39 ./Drivers/STM32F4xx_HAL_Driver/Src/stm32f4xx_hal_cortex.o
 .debug_info    0x0000000000006036      0x7be ./Drivers/STM32F4xx_HAL_Driver/Src/stm32f4xx_hal_gpio.o
 .debug_info    0x00000000000067f4     0x2617 ./Drivers/STM32F4xx_HAL_Driver/Src/stm32f4xx_hal_i2c.o
 .debug_info    0x0000000000008e0b     0x170f ./Drivers/STM32F4xx_HAL_Driver/Src/stm32f4xx_hal_pcd.o
 .debug_info    0x000000000000a51a      0x7f3 ./Drivers/STM32F4xx_HAL_Driver/Src/stm32f4xx_hal_pcd_ex.o
 .debug_info    0x000000000000ad0d     0x135e ./Drivers/STM32F4xx_HAL_Driver/Src/stm32f4xx_hal_qspi.o
 .debug_info    0x000000000000c06b      0x9ab ./Drivers/STM32F4xx_HAL_Driver/Src/stm32f4xx_hal_rcc.o
 .debug_info    0x000000000000ca16      0x9ec ./Drivers/STM32F4xx_HAL_Driver/Src/stm32f4xx_hal_rcc_ex.o
 .debug_info    0x000000000000d402     0x1758 ./Drivers/STM32F4xx_HAL_Driver/Src/stm32f4xx_hal_spi.o
 .debug_info    0x000000000000eb5a     0x31bc ./Drivers/STM32F4xx_HAL_Driver/Src/stm32f4xx_hal_uart.o
 .debug_info    0x0000000000011d16     0x1afb ./Drivers/STM32F4xx_HAL_Driver/Src/stm32f4xx_ll_usb.o
 .debug_info    0x0000000000013811     0x137e ./Middlewares/ST/STM32_USB_Device_Library/Class/CDC/Src/usbd_cdc.o
 .debug_info    0x0000000000014b8f      0xef5 ./Middlewares/ST/STM32_USB_Device_Library/Core/Src/usbd_core.o
 .debug_info    0x0000000000015a84      0xb8d ./Middlewares/ST/STM32_USB_Device_Library/Core/Src/usbd_ctlreq.o
 .debug_info    0x0000000000016611      0x7e8 ./Middlewares/ST/STM32_USB_Device_Library/Core/Src/usbd_ioreq.o
 .debug_info    0x0000000000016df9      0x778 ./USB_DEVICE/App/usb_device.o
 .debug_info    0x0000000000017571      0x97d ./USB_DEVICE/App/usbd_cdc_if.o
 .debug_info    0x0000000000017eee      0x505 ./USB_DEVICE/App/usbd_desc.o
 .debug_info    0x00000000000183f3     0x2007 ./USB_DEVICE/Target/usbd_conf.o

.debug_abbrev   0x0000000000000000     0x38b7
 .debug_abbrev  0x0000000000000000      0x291 ./Core/Src/main.o
 .debug_abbrev  0x0000000000000291      0x1d9 ./Core/Src/stm32f4xx_hal_msp.o
 .debug_abbrev  0x000000000000046a      0x199 ./Core/Src/stm32f4xx_it.o
 .debug_abbrev  0x0000000000000603      0x116 ./Core/Src/system_stm32f4xx.o
 .debug_abbrev  0x0000000000000719       0x12 ./Core/Startup/startup_stm32f446retx.o
 .debug_abbrev  0x000000000000072b      0x20d ./Drivers/STM32F4xx_HAL_Driver/Src/stm32f4xx_hal.o
 .debug_abbrev  0x0000000000000938      0x244 ./Drivers/STM32F4xx_HAL_Driver/Src/stm32f4xx_hal_adc.o
 .debug_abbrev  0x0000000000000b7c      0x316 ./Drivers/STM32F4xx_HAL_Driver/Src/stm32f4xx_hal_cortex.o
 .debug_abbrev  0x0000000000000e92      0x1c4 ./Drivers/STM32F4xx_HAL_Driver/Src/stm32f4xx_hal_gpio.o
 .debug_abbrev  0x0000000000001056      0x297 ./Drivers/STM32F4xx_HAL_Driver/Src/stm32f4xx_hal_i2c.o
 .debug_abbrev  0x00000000000012ed      0x2d2 ./Drivers/STM32F4xx_HAL_Driver/Src/stm32f4xx_hal_pcd.o
 .debug_abbrev  0x00000000000015bf      0x1ce ./Drivers/STM32F4xx_HAL_Driver/Src/stm32f4xx_hal_pcd_ex.o
 .debug_abbrev  0x000000000000178d      0x267 ./Drivers/STM32F4xx_HAL_Driver/Src/stm32f4xx_hal_qspi.o
 .debug_abbrev  0x00000000000019f4      0x2aa ./Drivers/STM32F4xx_HAL_Driver/Src/stm32f4xx_hal_rcc.o
 .debug_abbrev  0x0000000000001c9e      0x1fb ./Drivers/STM32F4xx_HAL_Driver/Src/stm32f4xx_hal_rcc_ex.o
 .debug_abbrev  0x0000000000001e99      0x26e ./Drivers/STM32F4xx_HAL_Driver/Src/stm32f4xx_hal_spi.o
 .debug_abbrev  0x0000000000002107      0x2f4 ./Drivers/STM32F4xx_HAL_Driver/Src/stm32f4xx_hal_uart.o
 .debug_abbrev  0x00000000000023fb      0x296 ./Drivers/STM32F4xx_HAL_Driver/Src/stm32f4xx_ll_usb.o
 .debug_abbrev  0x0000000000002691      0x2be ./Middlewares/ST/STM32_USB_Device_Library/Class/CDC/Src/usbd_cdc.o
 .debug_abbrev  0x000000000000294f      0x263 ./Middlewares/ST/STM32_USB_Device_Library/Core/Src/usbd_core.o
 .debug_abbrev  0x0000000000002bb2      0x25c ./Middlewares/ST/STM32_USB_Device_Library/Core/Src/usbd_ctlreq.o
 .debug_abbrev  0x0000000000002e0e      0x18a ./Middlewares/ST/STM32_USB_Device_Library/Core/Src/usbd_ioreq.o
 .debug_abbrev  0x0000000000002f98      0x18a ./USB_DEVICE/App/usb_device.o
 .debug_abbrev  0x0000000000003122      0x290 ./USB_DEVICE/App/usbd_cdc_if.o
 .debug_abbrev  0x00000000000033b2      0x1da ./USB_DEVICE/App/usbd_desc.o
 .debug_abbrev  0x000000000000358c      0x32b ./USB_DEVICE/Target/usbd_conf.o

.debug_aranges  0x0000000000000000     0x1510
 .debug_aranges
                0x0000000000000000       0x60 ./Core/Src/main.o
 .debug_aranges
                0x0000000000000060       0x70 ./Core/Src/stm32f4xx_hal_msp.o
 .debug_aranges
                0x00000000000000d0       0x68 ./Core/Src/stm32f4xx_it.o
 .debug_aranges
                0x0000000000000138       0x28 ./Core/Src/system_stm32f4xx.o
 .debug_aranges
                0x0000000000000160       0x28 ./Core/Startup/startup_stm32f446retx.o
 .debug_aranges
                0x0000000000000188       0xf0 ./Drivers/STM32F4xx_HAL_Driver/Src/stm32f4xx_hal.o
 .debug_aranges
                0x0000000000000278       0xe8 ./Drivers/STM32F4xx_HAL_Driver/Src/stm32f4xx_hal_adc.o
 .debug_aranges
                0x0000000000000360      0x118 ./Drivers/STM32F4xx_HAL_Driver/Src/stm32f4xx_hal_cortex.o
 .debug_aranges
                0x0000000000000478       0x58 ./Drivers/STM32F4xx_HAL_Driver/Src/stm32f4xx_hal_gpio.o
 .debug_aranges
                0x00000000000004d0      0x2a0 ./Drivers/STM32F4xx_HAL_Driver/Src/stm32f4xx_hal_i2c.o
 .debug_aranges
                0x0000000000000770      0x148 ./Drivers/STM32F4xx_HAL_Driver/Src/stm32f4xx_hal_pcd.o
 .debug_aranges
                0x00000000000008b8       0x48 ./Drivers/STM32F4xx_HAL_Driver/Src/stm32f4xx_hal_pcd_ex.o
 .debug_aranges
                0x0000000000000900      0x170 ./Drivers/STM32F4xx_HAL_Driver/Src/stm32f4xx_hal_qspi.o
 .debug_aranges
                0x0000000000000a70       0x88 ./Drivers/STM32F4xx_HAL_Driver/Src/stm32f4xx_hal_rcc.o
 .debug_aranges
                0x0000000000000af8       0x78 ./Drivers/STM32F4xx_HAL_Driver/Src/stm32f4xx_hal_rcc_ex.o
 .debug_aranges
                0x0000000000000b70      0x1d0 ./Drivers/STM32F4xx_HAL_Driver/Src/stm32f4xx_hal_spi.o
 .debug_aranges
                0x0000000000000d40      0x200 ./Drivers/STM32F4xx_HAL_Driver/Src/stm32f4xx_hal_uart.o
 .debug_aranges
                0x0000000000000f40      0x1a0 ./Drivers/STM32F4xx_HAL_Driver/Src/stm32f4xx_ll_usb.o
 .debug_aranges
                0x00000000000010e0       0x90 ./Middlewares/ST/STM32_USB_Device_Library/Class/CDC/Src/usbd_cdc.o
 .debug_aranges
                0x0000000000001170       0xd8 ./Middlewares/ST/STM32_USB_Device_Library/Core/Src/usbd_core.o
 .debug_aranges
                0x0000000000001248       0x90 ./Middlewares/ST/STM32_USB_Device_Library/Core/Src/usbd_ctlreq.o
 .debug_aranges
                0x00000000000012d8       0x50 ./Middlewares/ST/STM32_USB_Device_Library/Core/Src/usbd_ioreq.o
 .debug_aranges
                0x0000000000001328       0x20 ./USB_DEVICE/App/usb_device.o
 .debug_aranges
                0x0000000000001348       0x48 ./USB_DEVICE/App/usbd_cdc_if.o
 .debug_aranges
                0x0000000000001390       0x68 ./USB_DEVICE/App/usbd_desc.o
 .debug_aranges
                0x00000000000013f8      0x118 ./USB_DEVICE/Target/usbd_conf.o

.debug_ranges   0x0000000000000000     0x13c0
 .debug_ranges  0x0000000000000000       0x50 ./Core/Src/main.o
 .debug_ranges  0x0000000000000050       0x60 ./Core/Src/stm32f4xx_hal_msp.o
 .debug_ranges  0x00000000000000b0       0x58 ./Core/Src/stm32f4xx_it.o
 .debug_ranges  0x0000000000000108       0x18 ./Core/Src/system_stm32f4xx.o
 .debug_ranges  0x0000000000000120       0x20 ./Core/Startup/startup_stm32f446retx.o
 .debug_ranges  0x0000000000000140       0xe0 ./Drivers/STM32F4xx_HAL_Driver/Src/stm32f4xx_hal.o
 .debug_ranges  0x0000000000000220       0xd8 ./Drivers/STM32F4xx_HAL_Driver/Src/stm32f4xx_hal_adc.o
 .debug_ranges  0x00000000000002f8      0x108 ./Drivers/STM32F4xx_HAL_Driver/Src/stm32f4xx_hal_cortex.o
 .debug_ranges  0x0000000000000400       0x48 ./Drivers/STM32F4xx_HAL_Driver/Src/stm32f4xx_hal_gpio.o
 .debug_ranges  0x0000000000000448      0x2a8 ./Drivers/STM32F4xx_HAL_Driver/Src/stm32f4xx_hal_i2c.o
 .debug_ranges  0x00000000000006f0      0x138 ./Drivers/STM32F4xx_HAL_Driver/Src/stm32f4xx_hal_pcd.o
 .debug_ranges  0x0000000000000828       0x38 ./Drivers/STM32F4xx_HAL_Driver/Src/stm32f4xx_hal_pcd_ex.o
 .debug_ranges  0x0000000000000860      0x160 ./Drivers/STM32F4xx_HAL_Driver/Src/stm32f4xx_hal_qspi.o
 .debug_ranges  0x00000000000009c0       0x78 ./Drivers/STM32F4xx_HAL_Driver/Src/stm32f4xx_hal_rcc.o
 .debug_ranges  0x0000000000000a38       0x68 ./Drivers/STM32F4xx_HAL_Driver/Src/stm32f4xx_hal_rcc_ex.o
 .debug_ranges  0x0000000000000aa0      0x1c0 ./Drivers/STM32F4xx_HAL_Driver/Src/stm32f4xx_hal_spi.o
 .debug_ranges  0x0000000000000c60      0x220 ./Drivers/STM32F4xx_HAL_Driver/Src/stm32f4xx_hal_uart.o
 .debug_ranges  0x0000000000000e80      0x190 ./Drivers/STM32F4xx_HAL_Driver/Src/stm32f4xx_ll_usb.o
 .debug_ranges  0x0000000000001010       0x80 ./Middlewares/ST/STM32_USB_Device_Library/Class/CDC/Src/usbd_cdc.o
 .debug_ranges  0x0000000000001090       0xc8 ./Middlewares/ST/STM32_USB_Device_Library/Core/Src/usbd_core.o
 .debug_ranges  0x0000000000001158       0x80 ./Middlewares/ST/STM32_USB_Device_Library/Core/Src/usbd_ctlreq.o
 .debug_ranges  0x00000000000011d8       0x40 ./Middlewares/ST/STM32_USB_Device_Library/Core/Src/usbd_ioreq.o
 .debug_ranges  0x0000000000001218       0x10 ./USB_DEVICE/App/usb_device.o
 .debug_ranges  0x0000000000001228       0x38 ./USB_DEVICE/App/usbd_cdc_if.o
 .debug_ranges  0x0000000000001260       0x58 ./USB_DEVICE/App/usbd_desc.o
 .debug_ranges  0x00000000000012b8      0x108 ./USB_DEVICE/Target/usbd_conf.o

.debug_macro    0x0000000000000000    0x26b59
 .debug_macro   0x0000000000000000      0x42d ./Core/Src/main.o
 .debug_macro   0x000000000000042d      0xa78 ./Core/Src/main.o
 .debug_macro   0x0000000000000ea5      0x2b3 ./Core/Src/main.o
 .debug_macro   0x0000000000001158       0x2e ./Core/Src/main.o
 .debug_macro   0x0000000000001186       0x28 ./Core/Src/main.o
 .debug_macro   0x00000000000011ae       0x22 ./Core/Src/main.o
 .debug_macro   0x00000000000011d0       0x8e ./Core/Src/main.o
 .debug_macro   0x000000000000125e       0x51 ./Core/Src/main.o
 .debug_macro   0x00000000000012af      0x103 ./Core/Src/main.o
 .debug_macro   0x00000000000013b2       0x6a ./Core/Src/main.o
 .debug_macro   0x000000000000141c      0x1df ./Core/Src/main.o
 .debug_macro   0x00000000000015fb       0x1c ./Core/Src/main.o
 .debug_macro   0x0000000000001617       0x22 ./Core/Src/main.o
 .debug_macro   0x0000000000001639       0xd9 ./Core/Src/main.o
 .debug_macro   0x0000000000001712     0x102d ./Core/Src/main.o
 .debug_macro   0x000000000000273f      0x11f ./Core/Src/main.o
 .debug_macro   0x000000000000285e    0x16749 ./Core/Src/main.o
 .debug_macro   0x0000000000018fa7       0x6d ./Core/Src/main.o
 .debug_macro   0x0000000000019014     0x367e ./Core/Src/main.o
 .debug_macro   0x000000000001c692      0x174 ./Core/Src/main.o
 .debug_macro   0x000000000001c806       0x5c ./Core/Src/main.o
 .debug_macro   0x000000000001c862      0xc90 ./Core/Src/main.o
 .debug_macro   0x000000000001d4f2      0x9fe ./Core/Src/main.o
 .debug_macro   0x000000000001def0      0x115 ./Core/Src/main.o
 .debug_macro   0x000000000001e005      0x1a0 ./Core/Src/main.o
 .debug_macro   0x000000000001e1a5       0xa5 ./Core/Src/main.o
 .debug_macro   0x000000000001e24a      0x16d ./Core/Src/main.o
 .debug_macro   0x000000000001e3b7      0x287 ./Core/Src/main.o
 .debug_macro   0x000000000001e63e       0x5f ./Core/Src/main.o
 .debug_macro   0x000000000001e69d      0x236 ./Core/Src/main.o
 .debug_macro   0x000000000001e8d3      0xb5b ./Core/Src/main.o
 .debug_macro   0x000000000001f42e      0x38b ./Core/Src/main.o
 .debug_macro   0x000000000001f7b9      0x17d ./Core/Src/main.o
 .debug_macro   0x000000000001f936       0xf9 ./Core/Src/main.o
 .debug_macro   0x000000000001fa2f      0x132 ./Core/Src/main.o
 .debug_macro   0x000000000001fb61      0x29c ./Core/Src/main.o
 .debug_macro   0x000000000001fdfd       0x2e ./Core/Src/main.o
 .debug_macro   0x000000000001fe2b      0x1b5 ./Core/Src/main.o
 .debug_macro   0x000000000001ffe0       0x22 ./Core/Src/main.o
 .debug_macro   0x0000000000020002       0xd6 ./Core/Src/main.o
 .debug_macro   0x00000000000200d8      0x11a ./Core/Src/main.o
 .debug_macro   0x00000000000201f2       0xe8 ./Core/Src/main.o
 .debug_macro   0x00000000000202da       0x89 ./Core/Src/main.o
 .debug_macro   0x0000000000020363      0x225 ./Core/Src/main.o
 .debug_macro   0x0000000000020588      0x295 ./Core/Src/main.o
 .debug_macro   0x000000000002081d      0x248 ./Core/Src/main.o
 .debug_macro   0x0000000000020a65       0xba ./Core/Src/main.o
 .debug_macro   0x0000000000020b1f      0x2d4 ./Core/Src/main.o
 .debug_macro   0x0000000000020df3      0x126 ./Core/Src/main.o
 .debug_macro   0x0000000000020f19      0x124 ./Core/Src/main.o
 .debug_macro   0x000000000002103d       0x52 ./Core/Src/main.o
 .debug_macro   0x000000000002108f       0x1e ./Core/Src/main.o
 .debug_macro   0x00000000000210ad       0x3c ./Core/Src/main.o
 .debug_macro   0x00000000000210e9       0x34 ./Core/Src/main.o
 .debug_macro   0x000000000002111d       0x16 ./Core/Src/main.o
 .debug_macro   0x0000000000021133       0x35 ./Core/Src/main.o
 .debug_macro   0x0000000000021168      0x341 ./Core/Src/main.o
 .debug_macro   0x00000000000214a9       0x10 ./Core/Src/main.o
 .debug_macro   0x00000000000214b9       0x16 ./Core/Src/main.o
 .debug_macro   0x00000000000214cf       0x43 ./Core/Src/main.o
 .debug_macro   0x0000000000021512       0x34 ./Core/Src/main.o
 .debug_macro   0x0000000000021546       0x10 ./Core/Src/main.o
 .debug_macro   0x0000000000021556       0x58 ./Core/Src/main.o
 .debug_macro   0x00000000000215ae       0x71 ./Core/Src/main.o
 .debug_macro   0x000000000002161f       0x1c ./Core/Src/main.o
 .debug_macro   0x000000000002163b      0x12a ./Core/Src/main.o
 .debug_macro   0x0000000000021765       0x10 ./Core/Src/main.o
 .debug_macro   0x0000000000021775       0x1c ./Core/Src/main.o
 .debug_macro   0x0000000000021791       0x52 ./Core/Src/main.o
 .debug_macro   0x00000000000217e3       0x22 ./Core/Src/main.o
 .debug_macro   0x0000000000021805       0x10 ./Core/Src/main.o
 .debug_macro   0x0000000000021815       0x52 ./Core/Src/main.o
 .debug_macro   0x0000000000021867       0xd5 ./Core/Src/main.o
 .debug_macro   0x000000000002193c       0x1c ./Core/Src/main.o
 .debug_macro   0x0000000000021958       0x3d ./Core/Src/main.o
 .debug_macro   0x0000000000021995       0x16 ./Core/Src/main.o
 .debug_macro   0x00000000000219ab      0x145 ./Core/Src/main.o
 .debug_macro   0x0000000000021af0       0x16 ./Core/Src/main.o
 .debug_macro   0x0000000000021b06       0x16 ./Core/Src/main.o
 .debug_macro   0x0000000000021b1c       0x29 ./Core/Src/main.o
 .debug_macro   0x0000000000021b45       0x16 ./Core/Src/main.o
 .debug_macro   0x0000000000021b5b       0x20 ./Core/Src/main.o
 .debug_macro   0x0000000000021b7b       0x65 ./Core/Src/main.o
 .debug_macro   0x0000000000021be0      0x20f ./Core/Src/main.o
 .debug_macro   0x0000000000021def      0x242 ./Core/Src/stm32f4xx_hal_msp.o
 .debug_macro   0x0000000000022031      0x24c ./Core/Src/stm32f4xx_it.o
 .debug_macro   0x000000000002227d      0x233 ./Core/Src/system_stm32f4xx.o
 .debug_macro   0x00000000000224b0      0x293 ./Drivers/STM32F4xx_HAL_Driver/Src/stm32f4xx_hal.o
 .debug_macro   0x0000000000022743      0x234 ./Drivers/STM32F4xx_HAL_Driver/Src/stm32f4xx_hal_adc.o
 .debug_macro   0x0000000000022977      0x233 ./Drivers/STM32F4xx_HAL_Driver/Src/stm32f4xx_hal_cortex.o
 .debug_macro   0x0000000000022baa      0x239 ./Drivers/STM32F4xx_HAL_Driver/Src/stm32f4xx_hal_gpio.o
 .debug_macro   0x0000000000022de3      0x27a ./Drivers/STM32F4xx_HAL_Driver/Src/stm32f4xx_hal_i2c.o
 .debug_macro   0x000000000002305d      0x23f ./Drivers/STM32F4xx_HAL_Driver/Src/stm32f4xx_hal_pcd.o
 .debug_macro   0x000000000002329c      0x233 ./Drivers/STM32F4xx_HAL_Driver/Src/stm32f4xx_hal_pcd_ex.o
 .debug_macro   0x00000000000234cf      0x257 ./Drivers/STM32F4xx_HAL_Driver/Src/stm32f4xx_hal_qspi.o
 .debug_macro   0x0000000000023726      0x257 ./Drivers/STM32F4xx_HAL_Driver/Src/stm32f4xx_hal_rcc.o
 .debug_macro   0x000000000002397d      0x233 ./Drivers/STM32F4xx_HAL_Driver/Src/stm32f4xx_hal_rcc_ex.o
 .debug_macro   0x0000000000023bb0      0x242 ./Drivers/STM32F4xx_HAL_Driver/Src/stm32f4xx_hal_spi.o
 .debug_macro   0x0000000000023df2      0x234 ./Drivers/STM32F4xx_HAL_Driver/Src/stm32f4xx_hal_uart.o
 .debug_macro   0x0000000000024026      0x233 ./Drivers/STM32F4xx_HAL_Driver/Src/stm32f4xx_ll_usb.o
 .debug_macro   0x0000000000024259      0x458 ./Middlewares/ST/STM32_USB_Device_Library/Class/CDC/Src/usbd_cdc.o
 .debug_macro   0x00000000000246b1       0x97 ./Middlewares/ST/STM32_USB_Device_Library/Class/CDC/Src/usbd_cdc.o
 .debug_macro   0x0000000000024748       0xfd ./Middlewares/ST/STM32_USB_Device_Library/Class/CDC/Src/usbd_cdc.o
 .debug_macro   0x0000000000024845       0x56 ./Middlewares/ST/STM32_USB_Device_Library/Class/CDC/Src/usbd_cdc.o
 .debug_macro   0x000000000002489b       0x95 ./Middlewares/ST/STM32_USB_Device_Library/Class/CDC/Src/usbd_cdc.o
 .debug_macro   0x0000000000024930      0x43f ./Middlewares/ST/STM32_USB_Device_Library/Core/Src/usbd_core.o
 .debug_macro   0x0000000000024d6f      0x215 ./Middlewares/ST/STM32_USB_Device_Library/Core/Src/usbd_core.o
 .debug_macro   0x0000000000024f84      0x449 ./Middlewares/ST/STM32_USB_Device_Library/Core/Src/usbd_ctlreq.o
 .debug_macro   0x00000000000253cd      0x445 ./Middlewares/ST/STM32_USB_Device_Library/Core/Src/usbd_ioreq.o
 .debug_macro   0x0000000000025812      0x478 ./USB_DEVICE/App/usb_device.o
 .debug_macro   0x0000000000025c8a      0x12a ./USB_DEVICE/App/usb_device.o
 .debug_macro   0x0000000000025db4       0x22 ./USB_DEVICE/App/usb_device.o
 .debug_macro   0x0000000000025dd6       0x16 ./USB_DEVICE/App/usb_device.o
 .debug_macro   0x0000000000025dec      0x463 ./USB_DEVICE/App/usbd_cdc_if.o
 .debug_macro   0x000000000002624f       0x10 ./USB_DEVICE/App/usbd_cdc_if.o
 .debug_macro   0x000000000002625f      0x482 ./USB_DEVICE/App/usbd_desc.o
 .debug_macro   0x00000000000266e1       0x1c ./USB_DEVICE/App/usbd_desc.o
 .debug_macro   0x00000000000266fd      0x45c ./USB_DEVICE/Target/usbd_conf.o

.debug_line     0x0000000000000000    0x1bcee
 .debug_line    0x0000000000000000      0xc71 ./Core/Src/main.o
 .debug_line    0x0000000000000c71      0x930 ./Core/Src/stm32f4xx_hal_msp.o
 .debug_line    0x00000000000015a1      0x85b ./Core/Src/stm32f4xx_it.o
 .debug_line    0x0000000000001dfc      0x802 ./Core/Src/system_stm32f4xx.o
 .debug_line    0x00000000000025fe       0x88 ./Core/Startup/startup_stm32f446retx.o
 .debug_line    0x0000000000002686      0xa68 ./Drivers/STM32F4xx_HAL_Driver/Src/stm32f4xx_hal.o
 .debug_line    0x00000000000030ee     0x12e4 ./Drivers/STM32F4xx_HAL_Driver/Src/stm32f4xx_hal_adc.o
 .debug_line    0x00000000000043d2      0xd17 ./Drivers/STM32F4xx_HAL_Driver/Src/stm32f4xx_hal_cortex.o
 .debug_line    0x00000000000050e9      0xbc8 ./Drivers/STM32F4xx_HAL_Driver/Src/stm32f4xx_hal_gpio.o
 .debug_line    0x0000000000005cb1     0x3a1d ./Drivers/STM32F4xx_HAL_Driver/Src/stm32f4xx_hal_i2c.o
 .debug_line    0x00000000000096ce     0x1532 ./Drivers/STM32F4xx_HAL_Driver/Src/stm32f4xx_hal_pcd.o
 .debug_line    0x000000000000ac00      0x892 ./Drivers/STM32F4xx_HAL_Driver/Src/stm32f4xx_hal_pcd_ex.o
 .debug_line    0x000000000000b492     0x14ef ./Drivers/STM32F4xx_HAL_Driver/Src/stm32f4xx_hal_qspi.o
 .debug_line    0x000000000000c981      0xdf0 ./Drivers/STM32F4xx_HAL_Driver/Src/stm32f4xx_hal_rcc.o
 .debug_line    0x000000000000d771     0x147b ./Drivers/STM32F4xx_HAL_Driver/Src/stm32f4xx_hal_rcc_ex.o
 .debug_line    0x000000000000ebec     0x1cf2 ./Drivers/STM32F4xx_HAL_Driver/Src/stm32f4xx_hal_spi.o
 .debug_line    0x00000000000108de     0x2b0d ./Drivers/STM32F4xx_HAL_Driver/Src/stm32f4xx_hal_uart.o
 .debug_line    0x00000000000133eb     0x1b26 ./Drivers/STM32F4xx_HAL_Driver/Src/stm32f4xx_ll_usb.o
 .debug_line    0x0000000000014f11      0xf95 ./Middlewares/ST/STM32_USB_Device_Library/Class/CDC/Src/usbd_cdc.o
 .debug_line    0x0000000000015ea6     0x100f ./Middlewares/ST/STM32_USB_Device_Library/Core/Src/usbd_core.o
 .debug_line    0x0000000000016eb5     0x11fd ./Middlewares/ST/STM32_USB_Device_Library/Core/Src/usbd_ctlreq.o
 .debug_line    0x00000000000180b2      0xb27 ./Middlewares/ST/STM32_USB_Device_Library/Core/Src/usbd_ioreq.o
 .debug_line    0x0000000000018bd9      0xae3 ./USB_DEVICE/App/usb_device.o
 .debug_line    0x00000000000196bc      0xb46 ./USB_DEVICE/App/usbd_cdc_if.o
 .debug_line    0x000000000001a202      0xbc7 ./USB_DEVICE/App/usbd_desc.o
 .debug_line    0x000000000001adc9      0xf25 ./USB_DEVICE/Target/usbd_conf.o

.debug_str      0x0000000000000000    0xdf7ef
 .debug_str     0x0000000000000000    0xd9bb6 ./Core/Src/main.o
                                      0xd9fe1 (size before relaxing)
 .debug_str     0x00000000000d9bb6       0xff ./Core/Src/stm32f4xx_hal_msp.o
                                      0xd54cf (size before relaxing)
 .debug_str     0x00000000000d9cb5      0x47a ./Core/Src/stm32f4xx_it.o
                                      0xd4bbb (size before relaxing)
 .debug_str     0x00000000000da12f       0xdb ./Core/Src/system_stm32f4xx.o
                                      0xd4347 (size before relaxing)
 .debug_str     0x00000000000da20a       0x36 ./Core/Startup/startup_stm32f446retx.o
                                         0x8e (size before relaxing)
 .debug_str     0x00000000000da240      0xb24 ./Drivers/STM32F4xx_HAL_Driver/Src/stm32f4xx_hal.o
                                      0xd4f0c (size before relaxing)