../Core/Src/bme280.c:351:8:bme280_init	24	static
../Core/Src/bme280.c:391:8:bme280_get_regs	40	static
../Core/Src/bme280.c:416:8:bme280_set_regs	64	static
../Core/Src/bme280.c:466:8:bme280_set_sensor_settings	24	static
../Core/Src/bme280.c:497:8:bme280_get_sensor_settings	24	static
../Core/Src/bme280.c:517:8:bme280_set_sensor_mode	24	static
../Core/Src/bme280.c:542:8:bme280_get_sensor_mode	24	static
../Core/Src/bme280.c:562:8:bme280_soft_reset	24	static
../Core/Src/bme280.c:587:8:bme280_get_sensor_data	48	static
../Core/Src/bme280.c:620:6:bme280_parse_sensor_data	32	static
../Core/Src/bme280.c:651:8:bme280_compensate_data	32	static
../Core/Src/bme280.c:685:15:set_osr_settings	32	static
../Core/Src/bme280.c:701:15:set_osr_humidity_settings	24	static
../Core/Src/bme280.c:727:15:set_osr_press_temp_settings	32	static
../Core/Src/bme280.c:752:15:set_filter_standby_settings	32	static
../Core/Src/bme280.c:777:13:fill_filter_settings	16	static
../Core/Src/bme280.c:786:13:fill_standby_settings	16	static
../Core/Src/bme280.c:795:13:fill_osr_press_settings	16	static
../Core/Src/bme280.c:804:13:fill_osr_temp_settings	16	static
../Core/Src/bme280.c:814:13:parse_device_settings	16	static
../Core/Src/bme280.c:825:15:write_power_mode	24	static
../Core/Src/bme280.c:847:15:put_device_to_sleep	32	static
../Core/Src/bme280.c:868:15:reload_device_settings	24	static
../Core/Src/bme280.c:987:16:compensate_temperature	40	static
../Core/Src/bme280.c:1016:17:compensate_pressure	456	static
../Core/Src/bme280.c:1108:17:compensate_humidity	48	static
../Core/Src/bme280.c:1146:15:get_calib_data	48	static
../Core/Src/bme280.c:1178:13:interleave_reg_addr	32	static
../Core/Src/bme280.c:1192:13:parse_temp_press_calib_data	24	static
../Core/Src/bme280.c:1216:13:parse_humidity_calib_data	32	static
../Core/Src/bme280.c:1241:16:are_settings_changed	24	static
../Core/Src/bme280.c:1260:15:null_ptr_check	24	static
