../Core/Src/main.c:74:1:__io_putchar	16	static
../Core/Src/main.c:80:8:user_i2c_read	24	static
../Core/Src/main.c:88:6:user_delay_ms	16	static
../Core/Src/main.c:93:8:user_i2c_write	32	static
../Core/Src/main.c:116:5:main	40	static
../Core/Src/main.c:192:6:SystemClock_Config	88	static
../Core/Src/main.c:240:13:MX_I2C1_Init	8	static
../Core/Src/main.c:274:13:MX_USART2_UART_Init	8	static
../Core/Src/main.c:307:13:MX_GPIO_Init	48	static
../Core/Src/main.c:343:6:Error_Handler	4	static,ignoring_inline_asm
