../Core/Src/w25qxx_spi/driver_w25qxx_advance.c:51:9:w25qxx_advance_init	24	static
../Core/Src/w25qxx_spi/driver_w25qxx_advance.c:125:9:w25qxx_advance_deinit	8	static
../Core/Src/w25qxx_spi/driver_w25qxx_advance.c:147:9:w25qxx_advance_write	24	static
../Core/Src/w25qxx_spi/driver_w25qxx_advance.c:169:9:w25qxx_advance_read	24	static
../Core/Src/w25qxx_spi/driver_w25qxx_advance.c:188:9:w25qxx_advance_power_down	8	static
../Core/Src/w25qxx_spi/driver_w25qxx_advance.c:207:9:w25qxx_advance_wake_up	8	static
../Core/Src/w25qxx_spi/driver_w25qxx_advance.c:226:9:w25qxx_advance_chip_erase	8	static
../Core/Src/w25qxx_spi/driver_w25qxx_advance.c:247:9:w25qxx_advance_get_id	16	static
../Core/Src/w25qxx_spi/driver_w25qxx_advance.c:269:9:w25qxx_advance_page_program	24	static
../Core/Src/w25qxx_spi/driver_w25qxx_advance.c:289:9:w25qxx_advance_sector_erase_4k	16	static
../Core/Src/w25qxx_spi/driver_w25qxx_advance.c:309:9:w25qxx_advance_block_erase_32k	16	static
../Core/Src/w25qxx_spi/driver_w25qxx_advance.c:329:9:w25qxx_advance_block_erase_64k	16	static
../Core/Src/w25qxx_spi/driver_w25qxx_advance.c:351:9:w25qxx_advance_fast_read	24	static
../Core/Src/w25qxx_spi/driver_w25qxx_advance.c:373:9:w25qxx_advance_only_spi_read	24	static
../Core/Src/w25qxx_spi/driver_w25qxx_advance.c:395:9:w25qxx_advance_only_spi_fast_read_dual_output	24	static
../Core/Src/w25qxx_spi/driver_w25qxx_advance.c:417:9:w25qxx_advance_only_spi_fast_read_quad_output	24	static
../Core/Src/w25qxx_spi/driver_w25qxx_advance.c:439:9:w25qxx_advance_only_spi_fast_read_dual_io	24	static
../Core/Src/w25qxx_spi/driver_w25qxx_advance.c:461:9:w25qxx_advance_only_spi_fast_read_quad_io	24	static
../Core/Src/w25qxx_spi/driver_w25qxx_advance.c:483:9:w25qxx_advance_only_spi_word_read_quad_io	24	static
../Core/Src/w25qxx_spi/driver_w25qxx_advance.c:505:9:w25qxx_advance_only_spi_octal_word_read_quad_io	24	static
../Core/Src/w25qxx_spi/driver_w25qxx_advance.c:527:9:w25qxx_advance_only_spi_page_program_quad_input	24	static
../Core/Src/w25qxx_spi/driver_w25qxx_advance.c:547:9:w25qxx_advance_get_status1	16	static
../Core/Src/w25qxx_spi/driver_w25qxx_advance.c:567:9:w25qxx_advance_get_status2	16	static
../Core/Src/w25qxx_spi/driver_w25qxx_advance.c:587:9:w25qxx_advance_get_status3	16	static
../Core/Src/w25qxx_spi/driver_w25qxx_advance.c:607:9:w25qxx_advance_set_status1	16	static
../Core/Src/w25qxx_spi/driver_w25qxx_advance.c:627:9:w25qxx_advance_set_status2	16	static
../Core/Src/w25qxx_spi/driver_w25qxx_advance.c:647:9:w25qxx_advance_set_status3	16	static
../Core/Src/w25qxx_spi/driver_w25qxx_advance.c:668:9:w25qxx_advance_only_spi_get_manufacturer_device_id_dual_io	16	static
../Core/Src/w25qxx_spi/driver_w25qxx_advance.c:689:9:w25qxx_advance_only_spi_get_manufacturer_device_id_quad_io	16	static
../Core/Src/w25qxx_spi/driver_w25qxx_advance.c:710:9:w25qxx_advance_get_get_jedec_id	16	static
../Core/Src/w25qxx_spi/driver_w25qxx_advance.c:729:9:w25qxx_advance_global_block_lock	8	static
../Core/Src/w25qxx_spi/driver_w25qxx_advance.c:748:9:w25qxx_advance_global_block_unlock	8	static
../Core/Src/w25qxx_spi/driver_w25qxx_advance.c:768:9:w25qxx_advance_individual_block_lock	16	static
../Core/Src/w25qxx_spi/driver_w25qxx_advance.c:788:9:w25qxx_advance_individual_block_unlock	16	static
../Core/Src/w25qxx_spi/driver_w25qxx_advance.c:809:9:w25qxx_advance_read_block_lock	16	static
../Core/Src/w25qxx_spi/driver_w25qxx_advance.c:828:9:w25qxx_advance_reset	8	static
../Core/Src/w25qxx_spi/driver_w25qxx_advance.c:853:9:w25qxx_advance_only_qspi_set_read_parameters	16	static
../Core/Src/w25qxx_spi/driver_w25qxx_advance.c:873:9:w25qxx_advance_only_spi_get_unique_id	16	static
../Core/Src/w25qxx_spi/driver_w25qxx_advance.c:893:9:w25qxx_advance_only_spi_get_sfdp	16	static
../Core/Src/w25qxx_spi/driver_w25qxx_advance.c:914:9:w25qxx_advance_only_spi_write_security_register	16	static
../Core/Src/w25qxx_spi/driver_w25qxx_advance.c:939:9:w25qxx_advance_only_spi_read_security_register	16	static
../Core/Src/w25qxx_spi/driver_w25qxx_advance.c:959:9:w25qxx_advance_only_spi_set_burst_with_wrap	16	static
