../Core/Src/w25qxx_spi/uart.c:69:9:uart_init	16	static
../Core/Src/w25qxx_spi/uart.c:102:9:uart_deinit	8	static
../Core/Src/w25qxx_spi/uart.c:122:9:uart_write	24	static
../Core/Src/w25qxx_spi/uart.c:160:10:uart_read	24	static
../Core/Src/w25qxx_spi/uart.c:190:10:uart_flush	4	static
../Core/Src/w25qxx_spi/uart.c:204:10:uart_print	272	static
../Core/Src/w25qxx_spi/uart.c:236:9:uart2_init	16	static
../Core/Src/w25qxx_spi/uart.c:269:9:uart2_deinit	8	static
../Core/Src/w25qxx_spi/uart.c:289:9:uart2_write	24	static
../Core/Src/w25qxx_spi/uart.c:327:10:uart2_read	24	static
../Core/Src/w25qxx_spi/uart.c:357:10:uart2_flush	4	static
../Core/Src/w25qxx_spi/uart.c:370:21:uart_get_handle	4	static
../Core/Src/w25qxx_spi/uart.c:380:21:uart2_get_handle	4	static
../Core/Src/w25qxx_spi/uart.c:389:6:uart_set_tx_done	4	static
../Core/Src/w25qxx_spi/uart.c:398:6:uart2_set_tx_done	4	static
../Core/Src/w25qxx_spi/uart.c:407:6:uart_irq_handler	8	static
../Core/Src/w25qxx_spi/uart.c:425:6:uart2_irq_handler	8	static
