../Core/Src/bmi08g.c:223:8:bmi08g_init	24	static
../Core/Src/bmi08g.c:260:8:bmi08g_get_regs	32	static
../Core/Src/bmi08g.c:292:8:bmi08g_set_regs	32	static
../Core/Src/bmi08g.c:339:8:bmi08g_soft_reset	24	static
../Core/Src/bmi08g.c:368:8:bmi08g_get_meas_conf	24	static
../Core/Src/bmi08g.c:396:8:bmi08g_set_meas_conf	24	static
../Core/Src/bmi08g.c:474:8:bmi08g_get_power_mode	24	static
../Core/Src/bmi08g.c:500:8:bmi08g_set_power_mode	24	static
../Core/Src/bmi08g.c:563:8:bmi08g_get_data	32	static
../Core/Src/bmi08g.c:610:8:bmi08g_set_int_config	24	static
../Core/Src/bmi08g.c:652:8:bmi08g_perform_selftest	24	static
../Core/Src/bmi08g.c:718:8:bmi08g_get_data_int_status	24	static
../Core/Src/bmi08g.c:742:8:bmi08g_get_fifo_overrun	24	static
../Core/Src/bmi08g.c:767:8:bmi08g_get_fifo_config	24	static
../Core/Src/bmi08g.c:806:8:bmi08g_set_fifo_config	24	static
../Core/Src/bmi08g.c:840:8:bmi08g_get_fifo_length	24	static
../Core/Src/bmi08g.c:872:8:bmi08g_read_fifo_data	24	static
../Core/Src/bmi08g.c:891:6:bmi08g_extract_gyro	32	static
../Core/Src/bmi08g.c:910:8:bmi08g_enable_watermark	24	static
../Core/Src/bmi08g.c:941:15:null_ptr_check	24	static
../Core/Src/bmi08g.c:962:15:get_regs	40	static
../Core/Src/bmi08g.c:987:15:set_regs	40	static
../Core/Src/bmi08g.c:1039:15:set_gyro_data_ready_int	24	static
../Core/Src/bmi08g.c:1108:15:set_fifo_int	24	static
../Core/Src/bmi08g.c:1178:15:set_int_pin_config	24	static
../Core/Src/bmi08g.c:1220:15:set_gyro_selftest	24	static
../Core/Src/bmi08g.c:1251:13:get_fifo_data_length	24	static
../Core/Src/bmi08g.c:1266:13:parse_fifo_gyro_len	24	static
../Core/Src/bmi08g.c:1291:13:unpack_gyro_data	32	static
