../Drivers/CMSIS/Include/core_cm4.h:2064:26:ITM_SendChar	16	static,ignoring_inline_asm
../Core/Src/main.c:117:15:init_bmi08	16	static
../Core/Src/main.c:183:15:enable_bmi08_interrupt	16	static
../Core/Src/main.c:227:15:disable_bmi08_interrupt	16	static
../Core/Src/main.c:263:14:lsb_to_mps2	32	static
../Core/Src/main.c:276:14:lsb_to_dps	32	static
../Core/Src/main.c:292:5:main	104	static
../Core/Src/main.c:467:6:SystemClock_Config	88	static
../Core/Src/main.c:515:13:MX_I2C1_Init	8	static
../Core/Src/main.c:549:13:MX_TIM1_Init	32	static
../Core/Src/main.c:595:13:MX_USART2_UART_Init	8	static
../Core/Src/main.c:628:13:MX_GPIO_Init	48	static
../Core/Src/main.c:661:5:_write	32	static
../Core/Src/main.c:675:6:Error_Handler	4	static,ignoring_inline_asm
